2026-09-30 14:07:21,863 | INFO    | 20260930_140721863 | ======================================================================
2026-09-30 14:07:21,864 | INFO    | 20260930_140721863 | START    input=data\sales_data.json db=C:\Users\janah\OneDrive\Desktop\JUVERIA PROJECT\DE-Project\db\sales.db
2026-09-30 14:07:21,894 | INFO    | 20260930_140721863 | EXTRACT  reading data\sales_data.json
2026-09-30 14:07:21,903 | INFO    | 20260930_140721863 | EXTRACT  824 records read, 11 columns after flattening
2026-09-30 14:07:21,924 | INFO    | 20260930_140721863 | TRANSFORM 127 missing discounts defaulted to 0
2026-09-30 14:07:21,950 | INFO    | 20260930_140721863 | TRANSFORM 707 rows valid, 117 rows rejected
2026-09-30 14:07:21,951 | WARNING | 20260930_140721863 | REJECT     24 x invalid quantity (null or <= 0)
2026-09-30 14:07:21,951 | WARNING | 20260930_140721863 | REJECT     21 x duplicate transaction_id within file
2026-09-30 14:07:21,952 | WARNING | 20260930_140721863 | REJECT     20 x unparseable date
2026-09-30 14:07:21,952 | WARNING | 20260930_140721863 | REJECT     13 x invalid region
2026-09-30 14:07:21,952 | WARNING | 20260930_140721863 | REJECT     12 x missing product_id
2026-09-30 14:07:21,952 | WARNING | 20260930_140721863 | REJECT     12 x invalid discount (not 0-1)
2026-09-30 14:07:21,952 | WARNING | 20260930_140721863 | REJECT      9 x invalid price (null or <= 0)
2026-09-30 14:07:21,952 | WARNING | 20260930_140721863 | REJECT      7 x missing customer_id
2026-09-30 14:07:21,952 | DEBUG   | 20260930_140721863 | REJECTED T003 | missing customer_id; invalid quantity (null or <= 0) | {"transaction_id": "T003", "customer_id": null, "product": {"id": "P03", "name": "Monitor", "category": "Electronics", "price": 299.5}, "quantity": -1, "discount": 0.1, "date": "03-05-2023", "region": "East"}
2026-09-30 14:07:21,953 | DEBUG   | 20260930_140721863 | REJECTED T793 | unparseable date | {"transaction_id": "T793", "customer_id": "C083", "product": {"id": "P10", "name": "Bookshelf", "category": "Furniture", "price": 119.5}, "quantity": 8, "discount": 0, "date": null, "region": "North"}
2026-09-30 14:07:21,953 | DEBUG   | 20260930_140721863 | REJECTED T511 | invalid price (null or <= 0) | {"transaction_id": "T511", "customer_id": "C027", "product": {"id": "P01", "name": "Laptop", "category": "Electronics", "price": -999.99}, "quantity": 6, "discount": 0.2, "date": "2023-12-13T11:18:43Z", "region": "South"}
2026-09-30 14:07:21,953 | DEBUG   | 20260930_140721863 | REJECTED T648 | invalid region | {"transaction_id": "T648", "customer_id": "C036", "product": {"id": "P05", "name": "Desk", "category": "Furniture", "price": 189.0}, "quantity": 6, "discount": 0, "date": "2023-05-16T00:41:41Z", "region": null}
2026-09-30 14:07:21,953 | DEBUG   | 20260930_140721863 | REJECTED T474 | invalid region | {"transaction_id": "T474", "customer_id": "C136", "product": {"id": "P09", "name": "Tablet", "category": "Electronics", "price": 449.0}, "quantity": 7, "discount": 0.05, "date": "2023-04-13T23:16:53Z", "region": "Central"}
2026-09-30 14:07:21,953 | DEBUG   | 20260930_140721863 | REJECTED T301 | unparseable date | {"transaction_id": "T301", "customer_id": "C125", "product": {"id": "P04", "name": "Keyboard", "category": "Accessories", "price": 49.9}, "quantity": 4, "discount": 0, "date": "2023-13-45", "region": "West"}
2026-09-30 14:07:21,953 | DEBUG   | 20260930_140721863 | REJECTED T075 | invalid region | {"transaction_id": "T075", "customer_id": "C034", "product": {"id": "P04", "name": "Keyboard", "category": "Accessories", "price": 49.9}, "quantity": 1, "discount": 0.2, "date": "2023-10-11", "region": "Nrth"}
2026-09-30 14:07:21,953 | DEBUG   | 20260930_140721863 | REJECTED T712 | missing product_id | {"transaction_id": "T712", "customer_id": "C061", "product": {"id": null, "name": "Mouse", "category": "Accessories", "price": 19.99}, "quantity": 8, "discount": 0.2, "date": "2023/07/27 10:29:32", "region": "South"}
2026-09-30 14:07:21,953 | DEBUG   | 20260930_140721863 | REJECTED T114 | invalid region | {"transaction_id": "T114", "customer_id": "C047", "product": {"id": "P05", "name": "Desk", "category": "Furniture", "price": 189.0}, "quantity": 5, "discount": 0.15, "date": "08-01-2023", "region": "Central"}
2026-09-30 14:07:21,953 | DEBUG   | 20260930_140721863 | REJECTED T327 | invalid quantity (null or <= 0) | {"transaction_id": "T327", "customer_id": "C034", "product": {"id": "P03", "name": "Monitor", "category": "Electronics", "price": 299.5}, "quantity": -1, "discount": 0.15, "date": "06-21-2023", "region": "West"}
2026-09-30 14:07:21,953 | DEBUG   | 20260930_140721863 | REJECTED T214 | invalid quantity (null or <= 0) | {"transaction_id": "T214", "customer_id": "C148", "product": {"id": "P03", "name": "Monitor", "category": "Electronics", "price": 299.5}, "quantity": 0, "discount": 0.2, "date": "01-29-2023", "region": "South"}
2026-09-30 14:07:21,953 | DEBUG   | 20260930_140721863 | REJECTED T216 | invalid quantity (null or <= 0) | {"transaction_id": "T216", "customer_id": "C096", "product": {"id": "P04", "name": "Keyboard", "category": "Accessories", "price": 49.9}, "quantity": -3, "discount": 0.15, "date": "07-05-2023", "region": "South"}
2026-09-30 14:07:21,954 | DEBUG   | 20260930_140721863 | REJECTED T667 | duplicate transaction_id within file | {"transaction_id": "T667", "customer_id": "C032", "product": {"id": "P10", "name": "Bookshelf", "category": "Furniture", "price": 119.5}, "quantity": 8, "discount": 0.05, "date": "2023-07-29", "region": "West"}
2026-09-30 14:07:21,954 | DEBUG   | 20260930_140721863 | REJECTED T758 | unparseable date | {"transaction_id": "T758", "customer_id": "C007", "product": {"id": "P09", "name": "Tablet", "category": "Electronics", "price": 449.0}, "quantity": 4, "discount": 0.1, "date": "2023-13-45", "region": "East"}
2026-09-30 14:07:21,954 | DEBUG   | 20260930_140721863 | REJECTED T622 | invalid quantity (null or <= 0) | {"transaction_id": "T622", "customer_id": "C062", "product": {"id": "P10", "name": "Bookshelf", "category": "Furniture", "price": 119.5}, "quantity": -3, "discount": 0.1, "date": "11-03-2023", "region": "West"}
2026-09-30 14:07:21,954 | DEBUG   | 20260930_140721863 | REJECTED T544 | invalid quantity (null or <= 0) | {"transaction_id": "T544", "customer_id": "C069", "product": {"id": "P09", "name": "Tablet", "category": "Electronics", "price": 449.0}, "quantity": -3, "discount": 0.2, "date": "2023-04-08", "region": "South"}
2026-09-30 14:07:21,954 | DEBUG   | 20260930_140721863 | REJECTED T216 | invalid quantity (null or <= 0) | {"transaction_id": "T216", "customer_id": "C096", "product": {"id": "P04", "name": "Keyboard", "category": "Accessories", "price": 49.9}, "quantity": -2, "discount": 0.15, "date": "07-05-2023", "region": "South"}
2026-09-30 14:07:21,954 | DEBUG   | 20260930_140721863 | REJECTED T605 | invalid region | {"transaction_id": "T605", "customer_id": "C023", "product": {"id": "P10", "name": "Bookshelf", "category": "Furniture", "price": 119.5}, "quantity": 6, "discount": 0.2, "date": "2023-04-01", "region": null}
2026-09-30 14:07:21,954 | DEBUG   | 20260930_140721863 | REJECTED T069 | missing product_id | {"transaction_id": "T069", "customer_id": "C005", "product": {"id": null, "name": "Bookshelf", "category": "Furniture", "price": 119.5}, "quantity": 3, "discount": 0, "date": "2023-12-15T13:15:26Z", "region": "East"}
2026-09-30 14:07:21,954 | DEBUG   | 20260930_140721863 | REJECTED T353 | unparseable date | {"transaction_id": "T353", "customer_id": "C030", "product": {"id": "P05", "name": "Desk", "category": "Furniture", "price": 189.0}, "quantity": 7, "discount": null, "date": "31/31/2023", "region": "North"}
2026-09-30 14:07:21,954 | DEBUG   | 20260930_140721863 | REJECTED T085 | unparseable date | {"transaction_id": "T085", "customer_id": "C145", "product": {"id": "P01", "name": "Laptop", "category": "Electronics", "price": 999.99}, "quantity": 3, "discount": 0.2, "date": "not-a-date", "region": "North"}
2026-09-30 14:07:21,954 | DEBUG   | 20260930_140721863 | REJECTED T433 | invalid discount (not 0-1) | {"transaction_id": "T433", "customer_id": "C038", "product": {"id": "P02", "name": "Mouse", "category": "Accessories", "price": 19.99}, "quantity": 3, "discount": -0.2, "date": "2023-02-03", "region": "West"}
2026-09-30 14:07:21,954 | DEBUG   | 20260930_140721863 | REJECTED T535 | duplicate transaction_id within file | {"transaction_id": "T535", "customer_id": "C082", "product": {"id": "P02", "name": "Mouse", "category": "Accessories", "price": 19.99}, "quantity": 4, "discount": 0.15, "date": "2023-11-17T03:52:03Z", "region": "South"}
2026-09-30 14:07:21,954 | DEBUG   | 20260930_140721863 | REJECTED T509 | invalid region | {"transaction_id": "T509", "customer_id": "C007", "product": {"id": "P02", "name": "Mouse", "category": "Accessories", "price": 19.99}, "quantity": 6, "discount": 0.2, "date": "2023-06-05", "region": "Nrth"}
2026-09-30 14:07:21,955 | DEBUG   | 20260930_140721863 | REJECTED T404 | invalid quantity (null or <= 0) | {"transaction_id": "T404", "customer_id": "C122", "product": {"id": "P03", "name": "Monitor", "category": "Electronics", "price": 299.5}, "quantity": -3, "discount": 0.2, "date": "2023/11/19 15:23:31", "region": "West"}
2026-09-30 14:07:21,955 | DEBUG   | 20260930_140721863 | REJECTED T137 | invalid quantity (null or <= 0) | {"transaction_id": "T137", "customer_id": "C059", "product": {"id": "P06", "name": "Office Chair", "category": "Furniture", "price": 149.0}, "quantity": 0, "discount": null, "date": "2023/10/26 05:19:42", "region": "North"}
2026-09-30 14:07:21,955 | DEBUG   | 20260930_140721863 | REJECTED T421 | invalid price (null or <= 0) | {"transaction_id": "T421", "customer_id": "C126", "product": {"id": "P09", "name": "Tablet", "category": "Electronics", "price": -449.0}, "quantity": 1, "discount": 0.15, "date": "2023/01/26 13:33:20", "region": "North"}
2026-09-30 14:07:21,955 | DEBUG   | 20260930_140721863 | REJECTED T393 | unparseable date | {"transaction_id": "T393", "customer_id": "C034", "product": {"id": "P04", "name": "Keyboard", "category": "Accessories", "price": 49.9}, "quantity": 6, "discount": 0.15, "date": "31/31/2023", "region": "East"}
2026-09-30 14:07:21,955 | DEBUG   | 20260930_140721863 | REJECTED T721 | duplicate transaction_id within file | {"transaction_id": "T721", "customer_id": "C061", "product": {"id": "P03", "name": "Monitor", "category": "Electronics", "price": 299.5}, "quantity": 3, "discount": null, "date": "2023/08/17 22:54:03", "region": "South"}
2026-09-30 14:07:21,955 | DEBUG   | 20260930_140721863 | REJECTED T040 | invalid price (null or <= 0) | {"transaction_id": "T040", "customer_id": "C110", "product": {"id": "P09", "name": "Tablet", "category": "Electronics", "price": -449.0}, "quantity": 8, "discount": 0, "date": "03-14-2023", "region": "North"}
2026-09-30 14:07:21,955 | DEBUG   | 20260930_140721863 | REJECTED T281 | invalid price (null or <= 0) | {"transaction_id": "T281", "customer_id": "C147", "product": {"id": "P02", "name": "Mouse", "category": "Accessories", "price": -19.99}, "quantity": 6, "discount": 0.05, "date": "2023-03-29T11:08:26Z", "region": "South"}
2026-09-30 14:07:21,955 | DEBUG   | 20260930_140721863 | REJECTED T021 | invalid quantity (null or <= 0) | {"transaction_id": "T021", "customer_id": "C100", "product": {"id": "P07", "name": "Webcam", "category": "Accessories", "price": 79.0}, "quantity": -3, "discount": null, "date": "2023/06/27 23:49:49", "region": "North"}
2026-09-30 14:07:21,955 | DEBUG   | 20260930_140721863 | REJECTED T740 | invalid region | {"transaction_id": "T740", "customer_id": "C030", "product": {"id": "P08", "name": "Headphones", "category": "Electronics", "price": 129.99}, "quantity": 2, "discount": 0.1, "date": "03-04-2023", "region": null}
2026-09-30 14:07:21,955 | DEBUG   | 20260930_140721863 | REJECTED T507 | invalid discount (not 0-1) | {"transaction_id": "T507", "customer_id": "C013", "product": {"id": "P06", "name": "Office Chair", "category": "Furniture", "price": 149.0}, "quantity": 3, "discount": -0.2, "date": "2023-12-11", "region": "West"}
2026-09-30 14:07:21,955 | DEBUG   | 20260930_140721863 | REJECTED T089 | invalid quantity (null or <= 0) | {"transaction_id": "T089", "customer_id": "C080", "product": {"id": "P08", "name": "Headphones", "category": "Electronics", "price": 129.99}, "quantity": -1, "discount": 0.1, "date": "2023/05/24 19:13:25", "region": "East"}
2026-09-30 14:07:21,955 | DEBUG   | 20260930_140721863 | REJECTED T408 | invalid price (null or <= 0) | {"transaction_id": "T408", "customer_id": "C038", "product": {"id": "P09", "name": "Tablet", "category": "Electronics", "price": -449.0}, "quantity": 4, "discount": 0, "date": "12-29-2023", "region": "North"}
2026-09-30 14:07:21,955 | DEBUG   | 20260930_140721863 | REJECTED T714 | invalid discount (not 0-1) | {"transaction_id": "T714", "customer_id": "C041", "product": {"id": "P04", "name": "Keyboard", "category": "Accessories", "price": 49.9}, "quantity": 5, "discount": 1.5, "date": "06-09-2023", "region": "West"}
2026-09-30 14:07:21,956 | DEBUG   | 20260930_140721863 | REJECTED T438 | duplicate transaction_id within file | {"transaction_id": "T438", "customer_id": "C059", "product": {"id": "P09", "name": "Tablet", "category": "Electronics", "price": 449.0}, "quantity": 1, "discount": 0.15, "date": "2023/06/06 20:27:02", "region": "South"}
2026-09-30 14:07:21,956 | DEBUG   | 20260930_140721863 | REJECTED T105 | unparseable date | {"transaction_id": "T105", "customer_id": "C150", "product": {"id": "P01", "name": "Laptop", "category": "Electronics", "price": 999.99}, "quantity": 7, "discount": 0.15, "date": null, "region": "North"}
2026-09-30 14:07:21,956 | DEBUG   | 20260930_140721863 | REJECTED T104 | missing product_id | {"transaction_id": "T104", "customer_id": "C129", "product": {"id": null, "name": "Desk", "category": "Furniture", "price": 189.0}, "quantity": 6, "discount": 0.1, "date": "2023-06-17", "region": "East"}
2026-09-30 14:07:21,956 | DEBUG   | 20260930_140721863 | REJECTED T198 | invalid region | {"transaction_id": "T198", "customer_id": "C012", "product": {"id": "P09", "name": "Tablet", "category": "Electronics", "price": 449.0}, "quantity": 4, "discount": 0, "date": "2023/05/27 21:58:34", "region": ""}
2026-09-30 14:07:21,956 | DEBUG   | 20260930_140721863 | REJECTED T798 | duplicate transaction_id within file | {"transaction_id": "T798", "customer_id": "C065", "product": {"id": "P06", "name": "Office Chair", "category": "Furniture", "price": 149.0}, "quantity": 5, "discount": 0.15, "date": "2023/02/23 07:11:26", "region": "South"}
2026-09-30 14:07:21,956 | DEBUG   | 20260930_140721863 | REJECTED T176 | unparseable date | {"transaction_id": "T176", "customer_id": "C063", "product": {"id": "P06", "name": "Office Chair", "category": "Furniture", "price": 149.0}, "quantity": 7, "discount": 0.05, "date": null, "region": "East"}
2026-09-30 14:07:21,956 | DEBUG   | 20260930_140721863 | REJECTED T730 | missing product_id | {"transaction_id": "T730", "customer_id": "C019", "product": {"id": null, "name": "Headphones", "category": "Electronics", "price": 129.99}, "quantity": 5, "discount": 0.05, "date": "2023-06-09T03:54:51Z", "region": "East"}
2026-09-30 14:07:21,956 | DEBUG   | 20260930_140721863 | REJECTED T366 | invalid discount (not 0-1) | {"transaction_id": "T366", "customer_id": "C062", "product": {"id": "P09", "name": "Tablet", "category": "Electronics", "price": 449.0}, "quantity": 7, "discount": 7, "date": "01-27-2023", "region": "South"}
2026-09-30 14:07:21,956 | DEBUG   | 20260930_140721863 | REJECTED T661 | invalid price (null or <= 0) | {"transaction_id": "T661", "customer_id": "C108", "product": {"id": "P05", "name": "Desk", "category": "Furniture", "price": -189.0}, "quantity": 4, "discount": 0.1, "date": "2023/04/28 16:26:17", "region": "West"}
2026-09-30 14:07:21,956 | DEBUG   | 20260930_140721863 | REJECTED T174 | duplicate transaction_id within file | {"transaction_id": "T174", "customer_id": "C050", "product": {"id": "P10", "name": "Bookshelf", "category": "Furniture", "price": 119.5}, "quantity": 5, "discount": 0.05, "date": "2023/01/26 17:05:54", "region": "South"}
2026-09-30 14:07:21,956 | DEBUG   | 20260930_140721863 | REJECTED T543 | invalid region | {"transaction_id": "T543", "customer_id": "C101", "product": {"id": "P04", "name": "Keyboard", "category": "Accessories", "price": 49.9}, "quantity": 7, "discount": 0.15, "date": "12-04-2023", "region": ""}
2026-09-30 14:07:21,956 | DEBUG   | 20260930_140721863 | REJECTED T420 | missing customer_id | {"transaction_id": "T420", "customer_id": null, "product": {"id": "P07", "name": "Webcam", "category": "Accessories", "price": 79.0}, "quantity": 7, "discount": 0.05, "date": "2023-01-25T02:10:32Z", "region": "West"}
2026-09-30 14:07:21,956 | DEBUG   | 20260930_140721863 | REJECTED T443 | invalid quantity (null or <= 0) | {"transaction_id": "T443", "customer_id": "C027", "product": {"id": "P07", "name": "Webcam", "category": "Accessories", "price": 79.0}, "quantity": -1, "discount": 0.1, "date": "11-27-2023", "region": "West"}
2026-09-30 14:07:21,957 | DEBUG   | 20260930_140721863 | REJECTED T762 | missing product_id | {"transaction_id": "T762", "customer_id": "C011", "product": {"id": null, "name": "Laptop", "category": "Electronics", "price": 999.99}, "quantity": 3, "discount": 0.05, "date": "2023-05-07T16:15:24Z", "region": "West"}
2026-09-30 14:07:21,957 | DEBUG   | 20260930_140721863 | REJECTED T368 | invalid quantity (null or <= 0) | {"transaction_id": "T368", "customer_id": "C141", "product": {"id": "P06", "name": "Office Chair", "category": "Furniture", "price": 149.0}, "quantity": -2, "discount": 0.05, "date": "04-15-2023", "region": "West"}
2026-09-30 14:07:21,957 | DEBUG   | 20260930_140721863 | REJECTED T361 | missing customer_id | {"transaction_id": "T361", "customer_id": null, "product": {"id": "P05", "name": "Desk", "category": "Furniture", "price": 189.0}, "quantity": 6, "discount": 0.05, "date": "02-17-2023", "region": "East"}
2026-09-30 14:07:21,957 | DEBUG   | 20260930_140721863 | REJECTED T576 | invalid discount (not 0-1) | {"transaction_id": "T576", "customer_id": "C107", "product": {"id": "P02", "name": "Mouse", "category": "Accessories", "price": 19.99}, "quantity": 5, "discount": -0.2, "date": "10-03-2023", "region": "North"}
2026-09-30 14:07:21,957 | DEBUG   | 20260930_140721863 | REJECTED T271 | invalid region | {"transaction_id": "T271", "customer_id": "C046", "product": {"id": "P09", "name": "Tablet", "category": "Electronics", "price": 449.0}, "quantity": 1, "discount": 0.2, "date": "2023/06/16 20:58:37", "region": "Central"}
2026-09-30 14:07:21,957 | DEBUG   | 20260930_140721863 | REJECTED T520 | invalid price (null or <= 0) | {"transaction_id": "T520", "customer_id": "C110", "product": {"id": "P01", "name": "Laptop", "category": "Electronics", "price": -999.99}, "quantity": 4, "discount": 0.05, "date": "07-03-2023", "region": "South"}
2026-09-30 14:07:21,957 | DEBUG   | 20260930_140721863 | REJECTED T099 | unparseable date | {"transaction_id": "T099", "customer_id": "C059", "product": {"id": "P06", "name": "Office Chair", "category": "Furniture", "price": 149.0}, "quantity": 3, "discount": 0.2, "date": null, "region": "West"}
2026-09-30 14:07:21,957 | DEBUG   | 20260930_140721863 | REJECTED T666 | invalid discount (not 0-1) | {"transaction_id": "T666", "customer_id": "C112", "product": {"id": "P07", "name": "Webcam", "category": "Accessories", "price": 79.0}, "quantity": 5, "discount": -0.2, "date": "11-27-2023", "region": "East"}
2026-09-30 14:07:21,957 | DEBUG   | 20260930_140721863 | REJECTED T690 | invalid region | {"transaction_id": "T690", "customer_id": "C017", "product": {"id": "P05", "name": "Desk", "category": "Furniture", "price": 189.0}, "quantity": 8, "discount": 0.15, "date": "2023-01-08", "region": "Central"}
2026-09-30 14:07:21,957 | DEBUG   | 20260930_140721863 | REJECTED T316 | invalid quantity (null or <= 0) | {"transaction_id": "T316", "customer_id": "C089", "product": {"id": "P09", "name": "Tablet", "category": "Electronics", "price": 449.0}, "quantity": 0, "discount": null, "date": "2023/08/31 16:57:04", "region": "West"}
2026-09-30 14:07:21,957 | DEBUG   | 20260930_140721863 | REJECTED T449 | duplicate transaction_id within file | {"transaction_id": "T449", "customer_id": "C007", "product": {"id": "P04", "name": "Keyboard", "category": "Accessories", "price": 49.9}, "quantity": 7, "discount": 0.2, "date": "2023/09/26 20:20:37", "region": "North"}
2026-09-30 14:07:21,957 | DEBUG   | 20260930_140721863 | REJECTED T468 | duplicate transaction_id within file | {"transaction_id": "T468", "customer_id": "C097", "product": {"id": "P08", "name": "Headphones", "category": "Electronics", "price": 129.99}, "quantity": 8, "discount": 0.05, "date": "06-30-2023", "region": "South"}
2026-09-30 14:07:21,957 | DEBUG   | 20260930_140721863 | REJECTED T385 | invalid quantity (null or <= 0) | {"transaction_id": "T385", "customer_id": "C142", "product": {"id": "P09", "name": "Tablet", "category": "Electronics", "price": 449.0}, "quantity": 0, "discount": null, "date": "09-17-2023", "region": "West"}
2026-09-30 14:07:21,958 | DEBUG   | 20260930_140721863 | REJECTED T122 | invalid quantity (null or <= 0) | {"transaction_id": "T122", "customer_id": "C099", "product": {"id": "P01", "name": "Laptop", "category": "Electronics", "price": 999.99}, "quantity": 0, "discount": 0, "date": "2023/01/01 20:24:27", "region": "North"}
2026-09-30 14:07:21,958 | DEBUG   | 20260930_140721863 | REJECTED T696 | invalid quantity (null or <= 0) | {"transaction_id": "T696", "customer_id": "C058", "product": {"id": "P04", "name": "Keyboard", "category": "Accessories", "price": 49.9}, "quantity": -2, "discount": 0.1, "date": "2023-12-21T04:56:57Z", "region": "West"}
2026-09-30 14:07:21,958 | DEBUG   | 20260930_140721863 | REJECTED T224 | unparseable date | {"transaction_id": "T224", "customer_id": "C080", "product": {"id": "P02", "name": "Mouse", "category": "Accessories", "price": 19.99}, "quantity": 6, "discount": 0.1, "date": null, "region": "West"}
2026-09-30 14:07:21,958 | DEBUG   | 20260930_140721863 | REJECTED T212 | missing product_id | {"transaction_id": "T212", "customer_id": "C107", "product": {"id": null, "name": "Office Chair", "category": "Furniture", "price": 149.0}, "quantity": 3, "discount": 0, "date": "2023-05-20T17:53:43Z", "region": "West"}
2026-09-30 14:07:21,958 | DEBUG   | 20260930_140721863 | REJECTED T211 | unparseable date | {"transaction_id": "T211", "customer_id": "C070", "product": {"id": "P03", "name": "Monitor", "category": "Electronics", "price": 299.5}, "quantity": 4, "discount": 0.05, "date": null, "region": "South"}
2026-09-30 14:07:21,958 | DEBUG   | 20260930_140721863 | REJECTED T081 | duplicate transaction_id within file | {"transaction_id": "T081", "customer_id": "C123", "product": {"id": "P03", "name": "Monitor", "category": "Electronics", "price": 299.5}, "quantity": 7, "discount": 0, "date": "2023/07/01 19:43:16", "region": "North"}
2026-09-30 14:07:21,958 | DEBUG   | 20260930_140721863 | REJECTED T586 | invalid price (null or <= 0) | {"transaction_id": "T586", "customer_id": "C088", "product": {"id": "P02", "name": "Mouse", "category": "Accessories", "price": -19.99}, "quantity": 8, "discount": null, "date": "2023-02-22", "region": "East"}
2026-09-30 14:07:21,958 | DEBUG   | 20260930_140721863 | REJECTED T208 | invalid discount (not 0-1) | {"transaction_id": "T208", "customer_id": "C035", "product": {"id": "P04", "name": "Keyboard", "category": "Accessories", "price": 49.9}, "quantity": 3, "discount": 1.5, "date": "2023-08-10", "region": "South"}
2026-09-30 14:07:21,958 | DEBUG   | 20260930_140721863 | REJECTED T047 | invalid quantity (null or <= 0) | {"transaction_id": "T047", "customer_id": "C005", "product": {"id": "P08", "name": "Headphones", "category": "Electronics", "price": 129.99}, "quantity": -2, "discount": 0.1, "date": "2023-01-13T15:25:59Z", "region": "North"}
2026-09-30 14:07:21,958 | DEBUG   | 20260930_140721863 | REJECTED T683 | missing product_id | {"transaction_id": "T683", "customer_id": "C087", "product": {"id": null, "name": "Laptop", "category": "Electronics", "price": 999.99}, "quantity": 7, "discount": 0.05, "date": "2023-04-27T03:13:03Z", "region": "East"}
2026-09-30 14:07:21,958 | DEBUG   | 20260930_140721863 | REJECTED T009 | missing customer_id | {"transaction_id": "T009", "customer_id": null, "product": {"id": "P07", "name": "Webcam", "category": "Accessories", "price": 79.0}, "quantity": 5, "discount": 0.15, "date": "2023-03-12", "region": "North"}
2026-09-30 14:07:21,958 | DEBUG   | 20260930_140721863 | REJECTED T134 | unparseable date | {"transaction_id": "T134", "customer_id": "C079", "product": {"id": "P01", "name": "Laptop", "category": "Electronics", "price": 999.99}, "quantity": 6, "discount": null, "date": null, "region": "West"}
2026-09-30 14:07:21,958 | DEBUG   | 20260930_140721863 | REJECTED T062 | invalid quantity (null or <= 0) | {"transaction_id": "T062", "customer_id": "C143", "product": {"id": "P04", "name": "Keyboard", "category": "Accessories", "price": 49.9}, "quantity": 0, "discount": 0.05, "date": "2023/08/27 12:31:08", "region": "South"}
2026-09-30 14:07:21,958 | DEBUG   | 20260930_140721863 | REJECTED T654 | invalid discount (not 0-1) | {"transaction_id": "T654", "customer_id": "C112", "product": {"id": "P07", "name": "Webcam", "category": "Accessories", "price": 79.0}, "quantity": 2, "discount": -0.2, "date": "03-04-2023", "region": "East"}
2026-09-30 14:07:21,959 | DEBUG   | 20260930_140721863 | REJECTED T257 | invalid discount (not 0-1) | {"transaction_id": "T257", "customer_id": "C080", "product": {"id": "P04", "name": "Keyboard", "category": "Accessories", "price": 49.9}, "quantity": 5, "discount": 1.5, "date": "2023-10-19", "region": "East"}
2026-09-30 14:07:21,959 | DEBUG   | 20260930_140721863 | REJECTED T117 | missing product_id | {"transaction_id": "T117", "customer_id": "C025", "product": {"id": null, "name": "Desk", "category": "Furniture", "price": 189.0}, "quantity": 2, "discount": 0, "date": "2023-11-15", "region": "East"}
2026-09-30 14:07:21,959 | DEBUG   | 20260930_140721863 | REJECTED T612 | invalid region | {"transaction_id": "T612", "customer_id": "C013", "product": {"id": "P06", "name": "Office Chair", "category": "Furniture", "price": 149.0}, "quantity": 2, "discount": 0.1, "date": "2023-10-17T20:49:54Z", "region": ""}
2026-09-30 14:07:21,959 | DEBUG   | 20260930_140721863 | REJECTED T366 | invalid discount (not 0-1) | {"transaction_id": "T366", "customer_id": "C062", "product": {"id": "P09", "name": "Tablet", "category": "Electronics", "price": 449.0}, "quantity": 6, "discount": 7, "date": "01-27-2023", "region": "South"}
2026-09-30 14:07:21,959 | DEBUG   | 20260930_140721863 | REJECTED T502 | duplicate transaction_id within file | {"transaction_id": "T502", "customer_id": "C023", "product": {"id": "P05", "name": "Desk", "category": "Furniture", "price": 189.0}, "quantity": 6, "discount": 0.15, "date": "2023-05-12T03:08:55Z", "region": "South"}
2026-09-30 14:07:21,959 | DEBUG   | 20260930_140721863 | REJECTED T693 | duplicate transaction_id within file | {"transaction_id": "T693", "customer_id": "C082", "product": {"id": "P03", "name": "Monitor", "category": "Electronics", "price": 299.5}, "quantity": 5, "discount": 0.2, "date": "2023-03-17", "region": "South"}
2026-09-30 14:07:21,959 | DEBUG   | 20260930_140721863 | REJECTED T461 | unparseable date | {"transaction_id": "T461", "customer_id": "C008", "product": {"id": "P10", "name": "Bookshelf", "category": "Furniture", "price": 119.5}, "quantity": 1, "discount": 0.05, "date": "not-a-date", "region": "North"}
2026-09-30 14:07:21,959 | DEBUG   | 20260930_140721863 | REJECTED T370 | duplicate transaction_id within file | {"transaction_id": "T370", "customer_id": "C117", "product": {"id": "P06", "name": "Office Chair", "category": "Furniture", "price": 149.0}, "quantity": 2, "discount": 0.1, "date": "2023-01-04", "region": "East"}
2026-09-30 14:07:21,959 | DEBUG   | 20260930_140721863 | REJECTED T676 | missing customer_id | {"transaction_id": "T676", "customer_id": null, "product": {"id": "P09", "name": "Tablet", "category": "Electronics", "price": 449.0}, "quantity": 1, "discount": null, "date": "2023/01/26 21:52:11", "region": "West"}
2026-09-30 14:07:21,959 | DEBUG   | 20260930_140721863 | REJECTED T565 | duplicate transaction_id within file | {"transaction_id": "T565", "customer_id": "C045", "product": {"id": "P08", "name": "Headphones", "category": "Electronics", "price": 129.99}, "quantity": 6, "discount": 0, "date": "12-29-2023", "region": "South"}
2026-09-30 14:07:21,959 | DEBUG   | 20260930_140721863 | REJECTED T142 | invalid region | {"transaction_id": "T142", "customer_id": "C006", "product": {"id": "P01", "name": "Laptop", "category": "Electronics", "price": 999.99}, "quantity": 2, "discount": 0.1, "date": "2023-05-07T08:20:08Z", "region": null}
2026-09-30 14:07:21,959 | DEBUG   | 20260930_140721863 | REJECTED T345 | invalid discount (not 0-1) | {"transaction_id": "T345", "customer_id": "C088", "product": {"id": "P02", "name": "Mouse", "category": "Accessories", "price": 19.99}, "quantity": 8, "discount": 1.5, "date": "2023-10-24T07:40:27Z", "region": "West"}
2026-09-30 14:07:21,959 | DEBUG   | 20260930_140721863 | REJECTED T354 | missing product_id | {"transaction_id": "T354", "customer_id": "C001", "product": {"id": null, "name": "Office Chair", "category": "Furniture", "price": 149.0}, "quantity": 4, "discount": 0.15, "date": "08-17-2023", "region": "South"}
2026-09-30 14:07:21,959 | DEBUG   | 20260930_140721863 | REJECTED T681 | duplicate transaction_id within file | {"transaction_id": "T681", "customer_id": "C023", "product": {"id": "P03", "name": "Monitor", "category": "Electronics", "price": 299.5}, "quantity": 8, "discount": 0.2, "date": "2023-01-15", "region": "East"}
2026-09-30 14:07:21,959 | DEBUG   | 20260930_140721863 | REJECTED T619 | duplicate transaction_id within file | {"transaction_id": "T619", "customer_id": "C025", "product": {"id": "P07", "name": "Webcam", "category": "Accessories", "price": 79.0}, "quantity": 6, "discount": 0.1, "date": "04-27-2023", "region": "South"}
2026-09-30 14:07:21,960 | DEBUG   | 20260930_140721863 | REJECTED T764 | unparseable date | {"transaction_id": "T764", "customer_id": "C128", "product": {"id": "P08", "name": "Headphones", "category": "Electronics", "price": 129.99}, "quantity": 2, "discount": 0.2, "date": "2023-13-45", "region": "South"}
2026-09-30 14:07:21,960 | DEBUG   | 20260930_140721863 | REJECTED T513 | unparseable date | {"transaction_id": "T513", "customer_id": "C034", "product": {"id": "P04", "name": "Keyboard", "category": "Accessories", "price": 49.9}, "quantity": 7, "discount": 0.15, "date": "not-a-date", "region": "West"}
2026-09-30 14:07:21,960 | DEBUG   | 20260930_140721863 | REJECTED T155 | duplicate transaction_id within file | {"transaction_id": "T155", "customer_id": "C050", "product": {"id": "P01", "name": "Laptop", "category": "Electronics", "price": 999.99}, "quantity": 6, "discount": 0.2, "date": "2023/05/24 06:55:09", "region": "East"}
2026-09-30 14:07:21,960 | DEBUG   | 20260930_140721863 | REJECTED T383 | unparseable date | {"transaction_id": "T383", "customer_id": "C136", "product": {"id": "P05", "name": "Desk", "category": "Furniture", "price": 189.0}, "quantity": 7, "discount": 0, "date": "not-a-date", "region": "West"}
2026-09-30 14:07:21,960 | DEBUG   | 20260930_140721863 | REJECTED T635 | invalid quantity (null or <= 0) | {"transaction_id": "T635", "customer_id": "C105", "product": {"id": "P05", "name": "Desk", "category": "Furniture", "price": 189.0}, "quantity": -1, "discount": 0.05, "date": "2023/11/22 13:26:06", "region": "South"}
2026-09-30 14:07:21,960 | DEBUG   | 20260930_140721863 | REJECTED T063 | duplicate transaction_id within file | {"transaction_id": "T063", "customer_id": "C116", "product": {"id": "P02", "name": "Mouse", "category": "Accessories", "price": 19.99}, "quantity": 6, "discount": 0.05, "date": "2023-02-27T09:33:04Z", "region": "North"}
2026-09-30 14:07:21,960 | DEBUG   | 20260930_140721863 | REJECTED T270 | invalid quantity (null or <= 0) | {"transaction_id": "T270", "customer_id": "C122", "product": {"id": "P01", "name": "Laptop", "category": "Electronics", "price": 999.99}, "quantity": 0, "discount": 0.1, "date": "2023-12-15", "region": "West"}
2026-09-30 14:07:21,960 | DEBUG   | 20260930_140721863 | REJECTED T185 | missing product_id | {"transaction_id": "T185", "customer_id": "C072", "product": {"id": null, "name": "Bookshelf", "category": "Furniture", "price": 119.5}, "quantity": 4, "discount": 0.1, "date": "2023-07-02T21:15:03Z", "region": "West"}
2026-09-30 14:07:21,960 | DEBUG   | 20260930_140721863 | REJECTED T468 | duplicate transaction_id within file | {"transaction_id": "T468", "customer_id": "C097", "product": {"id": "P08", "name": "Headphones", "category": "Electronics", "price": 129.99}, "quantity": 7, "discount": 0.05, "date": "06-30-2023", "region": "South"}
2026-09-30 14:07:21,960 | DEBUG   | 20260930_140721863 | REJECTED T144 | missing product_id | {"transaction_id": "T144", "customer_id": "C119", "product": {"id": null, "name": "Tablet", "category": "Electronics", "price": 449.0}, "quantity": 3, "discount": 0.05, "date": "2023-05-13", "region": "North"}
2026-09-30 14:07:21,960 | DEBUG   | 20260930_140721863 | REJECTED T060 | duplicate transaction_id within file | {"transaction_id": "T060", "customer_id": "C044", "product": {"id": "P01", "name": "Laptop", "category": "Electronics", "price": 999.99}, "quantity": 5, "discount": 0, "date": "10-17-2023", "region": "East"}
2026-09-30 14:07:21,960 | DEBUG   | 20260930_140721863 | REJECTED T642 | unparseable date | {"transaction_id": "T642", "customer_id": "C126", "product": {"id": "P05", "name": "Desk", "category": "Furniture", "price": 189.0}, "quantity": 6, "discount": 0.1, "date": null, "region": "East"}
2026-09-30 14:07:21,960 | DEBUG   | 20260930_140721863 | REJECTED T153 | unparseable date | {"transaction_id": "T153", "customer_id": "C081", "product": {"id": "P09", "name": "Tablet", "category": "Electronics", "price": 449.0}, "quantity": 6, "discount": null, "date": "2023-13-45", "region": "East"}
2026-09-30 14:07:21,960 | DEBUG   | 20260930_140721863 | REJECTED T017 | missing customer_id | {"transaction_id": "T017", "customer_id": null, "product": {"id": "P09", "name": "Tablet", "category": "Electronics", "price": 449.0}, "quantity": 5, "discount": 0.2, "date": "06-27-2023", "region": "West"}
2026-09-30 14:07:21,961 | DEBUG   | 20260930_140721863 | REJECTED T490 | invalid quantity (null or <= 0) | {"transaction_id": "T490", "customer_id": "C094", "product": {"id": "P05", "name": "Desk", "category": "Furniture", "price": 189.0}, "quantity": 0, "discount": 0.1, "date": "2023-11-05", "region": "North"}
2026-09-30 14:07:21,961 | DEBUG   | 20260930_140721863 | REJECTED T665 | missing customer_id | {"transaction_id": "T665", "customer_id": null, "product": {"id": "P09", "name": "Tablet", "category": "Electronics", "price": 449.0}, "quantity": 1, "discount": 0.1, "date": "03-11-2023", "region": "South"}
2026-09-30 14:07:21,961 | DEBUG   | 20260930_140721863 | REJECTED T253 | invalid quantity (null or <= 0) | {"transaction_id": "T253", "customer_id": "C075", "product": {"id": "P03", "name": "Monitor", "category": "Electronics", "price": 299.5}, "quantity": 0, "discount": 0.1, "date": "2023-02-21T14:22:26Z", "region": "South"}
2026-09-30 14:07:21,961 | DEBUG   | 20260930_140721863 | REJECTED T131 | duplicate transaction_id within file | {"transaction_id": "T131", "customer_id": "C095", "product": {"id": "P01", "name": "Laptop", "category": "Electronics", "price": 999.99}, "quantity": 8, "discount": 0.1, "date": "2023-09-30T09:57:56Z", "region": "East"}
2026-09-30 14:07:21,961 | DEBUG   | 20260930_140721863 | REJECTED T093 | unparseable date | {"transaction_id": "T093", "customer_id": "C055", "product": {"id": "P10", "name": "Bookshelf", "category": "Furniture", "price": 119.5}, "quantity": 5, "discount": 0.1, "date": null, "region": "West"}
2026-09-30 14:07:21,961 | DEBUG   | 20260930_140721863 | REJECTED T130 | invalid price (null or <= 0) | {"transaction_id": "T130", "customer_id": "C126", "product": {"id": "P05", "name": "Desk", "category": "Furniture", "price": -189.0}, "quantity": 3, "discount": 0.05, "date": "2023-02-18", "region": "West"}
2026-09-30 14:07:21,961 | DEBUG   | 20260930_140721863 | REJECTED T025 | unparseable date | {"transaction_id": "T025", "customer_id": "C139", "product": {"id": "P03", "name": "Monitor", "category": "Electronics", "price": 299.5}, "quantity": 3, "discount": 0.2, "date": null, "region": "South"}
2026-09-30 14:07:21,961 | DEBUG   | 20260930_140721863 | REJECTED T640 | missing product_id | {"transaction_id": "T640", "customer_id": "C126", "product": {"id": null, "name": "Desk", "category": "Furniture", "price": 189.0}, "quantity": 6, "discount": 0.1, "date": "2023-09-24T06:54:43Z", "region": "North"}
2026-09-30 14:07:21,961 | DEBUG   | 20260930_140721863 | REJECTED T413 | duplicate transaction_id within file | {"transaction_id": "T413", "customer_id": "C122", "product": {"id": "P02", "name": "Mouse", "category": "Accessories", "price": 19.99}, "quantity": 6, "discount": 0.2, "date": "2023-02-15T13:56:38Z", "region": "South"}
2026-09-30 14:07:21,961 | DEBUG   | 20260930_140721863 | REJECTED T666 | invalid discount (not 0-1) | {"transaction_id": "T666", "customer_id": "C112", "product": {"id": "P07", "name": "Webcam", "category": "Accessories", "price": 79.0}, "quantity": 5, "discount": -0.2, "date": "11-27-2023", "region": "East"}
2026-09-30 14:07:21,961 | DEBUG   | 20260930_140721863 | REJECTED T445 | invalid quantity (null or <= 0) | {"transaction_id": "T445", "customer_id": "C107", "product": {"id": "P06", "name": "Office Chair", "category": "Furniture", "price": 149.0}, "quantity": -2, "discount": 0.1, "date": "08-08-2023", "region": "East"}
2026-09-30 14:07:21,963 | INFO    | 20260930_140721863 | REJECT   details written to C:\Users\janah\OneDrive\Desktop\JUVERIA PROJECT\DE-Project\logs\rejected_20260930_140721863.csv
2026-09-30 14:07:21,964 | INFO    | 20260930_140721863 | LOAD     current watermark = None
2026-09-30 14:07:21,970 | INFO    | 20260930_140721863 | LOAD     new=707  changed=0  unchanged(skipped)=0
2026-09-30 14:07:21,988 | INFO    | 20260930_140721863 | LOAD     watermark advanced to 2023-12-31 02:44:45
2026-09-30 14:07:21,991 | INFO    | 20260930_140721863 | DONE     extracted=824 rejected=117 inserted=707 updated=0 skipped=0
2026-09-30 14:10:31,101 | INFO    | 20260930_141031101 | ======================================================================
2026-09-30 14:10:31,102 | INFO    | 20260930_141031101 | START    input=data\sales_data_batch2.json db=C:\Users\janah\OneDrive\Desktop\JUVERIA PROJECT\DE-Project\db\sales.db
2026-09-30 14:10:31,106 | INFO    | 20260930_141031101 | EXTRACT  reading data\sales_data_batch2.json
2026-09-30 14:10:31,109 | INFO    | 20260930_141031101 | EXTRACT  173 records read, 11 columns after flattening
2026-09-30 14:10:31,119 | INFO    | 20260930_141031101 | TRANSFORM 41 missing discounts defaulted to 0
2026-09-30 14:10:31,129 | INFO    | 20260930_141031101 | TRANSFORM 165 rows valid, 8 rows rejected
2026-09-30 14:10:31,130 | WARNING | 20260930_141031101 | REJECT      3 x invalid region
2026-09-30 14:10:31,130 | WARNING | 20260930_141031101 | REJECT      3 x invalid quantity (null or <= 0)
2026-09-30 14:10:31,130 | WARNING | 20260930_141031101 | REJECT      1 x invalid discount (not 0-1)
2026-09-30 14:10:31,130 | WARNING | 20260930_141031101 | REJECT      1 x invalid price (null or <= 0)
2026-09-30 14:10:31,131 | DEBUG   | 20260930_141031101 | REJECTED T860 | invalid region | {"transaction_id": "T860", "customer_id": "C093", "product": {"id": "P04", "name": "Keyboard", "category": "Accessories", "price": 49.9}, "quantity": 6, "discount": 0, "date": "2024-01-08", "region": "Central"}
2026-09-30 14:10:31,131 | DEBUG   | 20260930_141031101 | REJECTED T834 | invalid discount (not 0-1) | {"transaction_id": "T834", "customer_id": "C029", "product": {"id": "P08", "name": "Headphones", "category": "Electronics", "price": 129.99}, "quantity": 6, "discount": 1.5, "date": "2024-01-23", "region": "North"}
2026-09-30 14:10:31,131 | DEBUG   | 20260930_141031101 | REJECTED T844 | invalid quantity (null or <= 0) | {"transaction_id": "T844", "customer_id": "C136", "product": {"id": "P04", "name": "Keyboard", "category": "Accessories", "price": 49.9}, "quantity": -2, "discount": 0.05, "date": "01-16-2024", "region": "North"}
2026-09-30 14:10:31,131 | DEBUG   | 20260930_141031101 | REJECTED T823 | invalid quantity (null or <= 0) | {"transaction_id": "T823", "customer_id": "C074", "product": {"id": "P06", "name": "Office Chair", "category": "Furniture", "price": 149.0}, "quantity": -1, "discount": null, "date": "2024/01/20 23:03:34", "region": "South"}
2026-09-30 14:10:31,131 | DEBUG   | 20260930_141031101 | REJECTED T816 | invalid region | {"transaction_id": "T816", "customer_id": "C035", "product": {"id": "P10", "name": "Bookshelf", "category": "Furniture", "price": 119.5}, "quantity": 5, "discount": 0.2, "date": "02-21-2024", "region": null}
2026-09-30 14:10:31,131 | DEBUG   | 20260930_141031101 | REJECTED T801 | invalid quantity (null or <= 0) | {"transaction_id": "T801", "customer_id": "C134", "product": {"id": "P07", "name": "Webcam", "category": "Accessories", "price": 79.0}, "quantity": -3, "discount": 0, "date": "2024-02-06T20:27:34Z", "region": "East"}
2026-09-30 14:10:31,131 | DEBUG   | 20260930_141031101 | REJECTED T833 | invalid price (null or <= 0) | {"transaction_id": "T833", "customer_id": "C060", "product": {"id": "P01", "name": "Laptop", "category": "Electronics", "price": -999.99}, "quantity": 1, "discount": 0.05, "date": "2024/01/08 11:53:37", "region": "North"}
2026-09-30 14:10:31,131 | DEBUG   | 20260930_141031101 | REJECTED T829 | invalid region | {"transaction_id": "T829", "customer_id": "C070", "product": {"id": "P01", "name": "Laptop", "category": "Electronics", "price": 999.99}, "quantity": 7, "discount": null, "date": "2024-01-01T10:35:33Z", "region": "Central"}
2026-09-30 14:10:31,133 | INFO    | 20260930_141031101 | REJECT   details written to C:\Users\janah\OneDrive\Desktop\JUVERIA PROJECT\DE-Project\logs\rejected_20260930_141031101.csv
2026-09-30 14:10:31,134 | INFO    | 20260930_141031101 | LOAD     current watermark = 2023-12-31 02:44:45
2026-09-30 14:10:31,137 | WARNING | 20260930_141031101 | LOAD     3 late-arriving NEW rows (dated <= watermark) - inserting anyway
2026-09-30 14:10:31,137 | INFO    | 20260930_141031101 | LOAD     new=145  changed=5  unchanged(skipped)=15
2026-09-30 14:10:31,146 | INFO    | 20260930_141031101 | LOAD     watermark advanced to 2024-02-28 03:45:19
2026-09-30 14:10:31,149 | INFO    | 20260930_141031101 | DONE     extracted=173 rejected=8 inserted=145 updated=5 skipped=15
2026-09-30 14:12:35,934 | INFO    | 20260930_141235933 | ======================================================================
2026-09-30 14:12:35,934 | INFO    | 20260930_141235933 | START    input=data\sales_data_batch2.json db=C:\Users\janah\OneDrive\Desktop\JUVERIA PROJECT\DE-Project\db\sales.db
2026-09-30 14:12:35,940 | INFO    | 20260930_141235933 | EXTRACT  reading data\sales_data_batch2.json
2026-09-30 14:12:35,944 | INFO    | 20260930_141235933 | EXTRACT  173 records read, 11 columns after flattening
2026-09-30 14:12:35,953 | INFO    | 20260930_141235933 | TRANSFORM 41 missing discounts defaulted to 0
2026-09-30 14:12:35,964 | INFO    | 20260930_141235933 | TRANSFORM 165 rows valid, 8 rows rejected
2026-09-30 14:12:35,965 | WARNING | 20260930_141235933 | REJECT      3 x invalid region
2026-09-30 14:12:35,965 | WARNING | 20260930_141235933 | REJECT      3 x invalid quantity (null or <= 0)
2026-09-30 14:12:35,966 | WARNING | 20260930_141235933 | REJECT      1 x invalid discount (not 0-1)
2026-09-30 14:12:35,966 | WARNING | 20260930_141235933 | REJECT      1 x invalid price (null or <= 0)
2026-09-30 14:12:35,966 | DEBUG   | 20260930_141235933 | REJECTED T860 | invalid region | {"transaction_id": "T860", "customer_id": "C093", "product": {"id": "P04", "name": "Keyboard", "category": "Accessories", "price": 49.9}, "quantity": 6, "discount": 0, "date": "2024-01-08", "region": "Central"}
2026-09-30 14:12:35,966 | DEBUG   | 20260930_141235933 | REJECTED T834 | invalid discount (not 0-1) | {"transaction_id": "T834", "customer_id": "C029", "product": {"id": "P08", "name": "Headphones", "category": "Electronics", "price": 129.99}, "quantity": 6, "discount": 1.5, "date": "2024-01-23", "region": "North"}
2026-09-30 14:12:35,966 | DEBUG   | 20260930_141235933 | REJECTED T844 | invalid quantity (null or <= 0) | {"transaction_id": "T844", "customer_id": "C136", "product": {"id": "P04", "name": "Keyboard", "category": "Accessories", "price": 49.9}, "quantity": -2, "discount": 0.05, "date": "01-16-2024", "region": "North"}
2026-09-30 14:12:35,966 | DEBUG   | 20260930_141235933 | REJECTED T823 | invalid quantity (null or <= 0) | {"transaction_id": "T823", "customer_id": "C074", "product": {"id": "P06", "name": "Office Chair", "category": "Furniture", "price": 149.0}, "quantity": -1, "discount": null, "date": "2024/01/20 23:03:34", "region": "South"}
2026-09-30 14:12:35,967 | DEBUG   | 20260930_141235933 | REJECTED T816 | invalid region | {"transaction_id": "T816", "customer_id": "C035", "product": {"id": "P10", "name": "Bookshelf", "category": "Furniture", "price": 119.5}, "quantity": 5, "discount": 0.2, "date": "02-21-2024", "region": null}
2026-09-30 14:12:35,967 | DEBUG   | 20260930_141235933 | REJECTED T801 | invalid quantity (null or <= 0) | {"transaction_id": "T801", "customer_id": "C134", "product": {"id": "P07", "name": "Webcam", "category": "Accessories", "price": 79.0}, "quantity": -3, "discount": 0, "date": "2024-02-06T20:27:34Z", "region": "East"}
2026-09-30 14:12:35,967 | DEBUG   | 20260930_141235933 | REJECTED T833 | invalid price (null or <= 0) | {"transaction_id": "T833", "customer_id": "C060", "product": {"id": "P01", "name": "Laptop", "category": "Electronics", "price": -999.99}, "quantity": 1, "discount": 0.05, "date": "2024/01/08 11:53:37", "region": "North"}
2026-09-30 14:12:35,967 | DEBUG   | 20260930_141235933 | REJECTED T829 | invalid region | {"transaction_id": "T829", "customer_id": "C070", "product": {"id": "P01", "name": "Laptop", "category": "Electronics", "price": 999.99}, "quantity": 7, "discount": null, "date": "2024-01-01T10:35:33Z", "region": "Central"}
2026-09-30 14:12:35,969 | INFO    | 20260930_141235933 | REJECT   details written to C:\Users\janah\OneDrive\Desktop\JUVERIA PROJECT\DE-Project\logs\rejected_20260930_141235933.csv
2026-09-30 14:12:35,970 | INFO    | 20260930_141235933 | LOAD     current watermark = 2024-02-28 03:45:19
2026-09-30 14:12:35,973 | INFO    | 20260930_141235933 | LOAD     new=0  changed=0  unchanged(skipped)=165
2026-09-30 14:12:35,977 | INFO    | 20260930_141235933 | LOAD     watermark advanced to 2024-02-28 03:45:19
2026-09-30 14:12:35,981 | INFO    | 20260930_141235933 | DONE     extracted=173 rejected=8 inserted=0 updated=0 skipped=165
2026-09-30 14:24:57,717 | INFO    | 20260930_142457717 | ======================================================================
2026-09-30 14:24:57,717 | INFO    | 20260930_142457717 | START    input=data\sales.data.json db=C:\Users\janah\OneDrive\Desktop\JUVERIA PROJECT\DE-Project\db\sales.db
2026-09-30 14:24:57,720 | INFO    | 20260930_142457717 | INIT     --reset: deleted existing database
2026-09-30 14:24:57,746 | INFO    | 20260930_142457717 | EXTRACT  reading data\sales.data.json
2026-09-30 14:24:57,747 | ERROR   | 20260930_142457717 | FAILED   [Errno 2] No such file or directory: 'data\\sales.data.json'
Traceback (most recent call last):
  File "C:\Users\janah\OneDrive\Desktop\JUVERIA PROJECT\DE-Project\src\etl_pipeline.py", line 270, in run
    raw = extract(input_path)
  File "C:\Users\janah\OneDrive\Desktop\JUVERIA PROJECT\DE-Project\src\etl_pipeline.py", line 45, in extract
    with open(path, encoding="utf-8") as f:
         ~~~~^^^^^^^^^^^^^^^^^^^^^^^^
FileNotFoundError: [Errno 2] No such file or directory: 'data\\sales.data.json'

2026-09-30 14:26:46,248 | INFO    | 20260930_142646248 | ======================================================================
2026-09-30 14:26:46,249 | INFO    | 20260930_142646248 | START    input=data\sale_data.json db=C:\Users\janah\OneDrive\Desktop\JUVERIA PROJECT\DE-Project\db\sales.db
2026-09-30 14:26:46,251 | INFO    | 20260930_142646248 | INIT     --reset: deleted existing database
2026-09-30 14:26:46,278 | INFO    | 20260930_142646248 | EXTRACT  reading data\sale_data.json
2026-09-30 14:26:46,279 | ERROR   | 20260930_142646248 | FAILED   [Errno 2] No such file or directory: 'data\\sale_data.json'
Traceback (most recent call last):
  File "C:\Users\janah\OneDrive\Desktop\JUVERIA PROJECT\DE-Project\src\etl_pipeline.py", line 270, in run
    raw = extract(input_path)
  File "C:\Users\janah\OneDrive\Desktop\JUVERIA PROJECT\DE-Project\src\etl_pipeline.py", line 45, in extract
    with open(path, encoding="utf-8") as f:
         ~~~~^^^^^^^^^^^^^^^^^^^^^^^^
FileNotFoundError: [Errno 2] No such file or directory: 'data\\sale_data.json'

2026-09-30 14:27:32,477 | INFO    | 20260930_142732477 | ======================================================================
2026-09-30 14:27:32,477 | INFO    | 20260930_142732477 | START    input=data\sales_data.json db=C:\Users\janah\OneDrive\Desktop\JUVERIA PROJECT\DE-Project\db\sales.db
2026-09-30 14:27:32,480 | INFO    | 20260930_142732477 | INIT     --reset: deleted existing database
2026-09-30 14:27:32,507 | INFO    | 20260930_142732477 | EXTRACT  reading data\sales_data.json
2026-09-30 14:27:32,516 | INFO    | 20260930_142732477 | EXTRACT  824 records read, 11 columns after flattening
2026-09-30 14:27:32,537 | INFO    | 20260930_142732477 | TRANSFORM 127 missing discounts defaulted to 0
2026-09-30 14:27:32,563 | INFO    | 20260930_142732477 | TRANSFORM 707 rows valid, 117 rows rejected
2026-09-30 14:27:32,564 | WARNING | 20260930_142732477 | REJECT     24 x invalid quantity (null or <= 0)
2026-09-30 14:27:32,564 | WARNING | 20260930_142732477 | REJECT     21 x duplicate transaction_id within file
2026-09-30 14:27:32,564 | WARNING | 20260930_142732477 | REJECT     20 x unparseable date
2026-09-30 14:27:32,564 | WARNING | 20260930_142732477 | REJECT     13 x invalid region
2026-09-30 14:27:32,564 | WARNING | 20260930_142732477 | REJECT     12 x missing product_id
2026-09-30 14:27:32,564 | WARNING | 20260930_142732477 | REJECT     12 x invalid discount (not 0-1)
2026-09-30 14:27:32,564 | WARNING | 20260930_142732477 | REJECT      9 x invalid price (null or <= 0)
2026-09-30 14:27:32,564 | WARNING | 20260930_142732477 | REJECT      7 x missing customer_id
2026-09-30 14:27:32,565 | DEBUG   | 20260930_142732477 | REJECTED T003 | missing customer_id; invalid quantity (null or <= 0) | {"transaction_id": "T003", "customer_id": null, "product": {"id": "P03", "name": "Monitor", "category": "Electronics", "price": 299.5}, "quantity": -1, "discount": 0.1, "date": "03-05-2023", "region": "East"}
2026-09-30 14:27:32,565 | DEBUG   | 20260930_142732477 | REJECTED T793 | unparseable date | {"transaction_id": "T793", "customer_id": "C083", "product": {"id": "P10", "name": "Bookshelf", "category": "Furniture", "price": 119.5}, "quantity": 8, "discount": 0, "date": null, "region": "North"}
2026-09-30 14:27:32,565 | DEBUG   | 20260930_142732477 | REJECTED T511 | invalid price (null or <= 0) | {"transaction_id": "T511", "customer_id": "C027", "product": {"id": "P01", "name": "Laptop", "category": "Electronics", "price": -999.99}, "quantity": 6, "discount": 0.2, "date": "2023-12-13T11:18:43Z", "region": "South"}
2026-09-30 14:27:32,565 | DEBUG   | 20260930_142732477 | REJECTED T648 | invalid region | {"transaction_id": "T648", "customer_id": "C036", "product": {"id": "P05", "name": "Desk", "category": "Furniture", "price": 189.0}, "quantity": 6, "discount": 0, "date": "2023-05-16T00:41:41Z", "region": null}
2026-09-30 14:27:32,565 | DEBUG   | 20260930_142732477 | REJECTED T474 | invalid region | {"transaction_id": "T474", "customer_id": "C136", "product": {"id": "P09", "name": "Tablet", "category": "Electronics", "price": 449.0}, "quantity": 7, "discount": 0.05, "date": "2023-04-13T23:16:53Z", "region": "Central"}
2026-09-30 14:27:32,565 | DEBUG   | 20260930_142732477 | REJECTED T301 | unparseable date | {"transaction_id": "T301", "customer_id": "C125", "product": {"id": "P04", "name": "Keyboard", "category": "Accessories", "price": 49.9}, "quantity": 4, "discount": 0, "date": "2023-13-45", "region": "West"}
2026-09-30 14:27:32,565 | DEBUG   | 20260930_142732477 | REJECTED T075 | invalid region | {"transaction_id": "T075", "customer_id": "C034", "product": {"id": "P04", "name": "Keyboard", "category": "Accessories", "price": 49.9}, "quantity": 1, "discount": 0.2, "date": "2023-10-11", "region": "Nrth"}
2026-09-30 14:27:32,565 | DEBUG   | 20260930_142732477 | REJECTED T712 | missing product_id | {"transaction_id": "T712", "customer_id": "C061", "product": {"id": null, "name": "Mouse", "category": "Accessories", "price": 19.99}, "quantity": 8, "discount": 0.2, "date": "2023/07/27 10:29:32", "region": "South"}
2026-09-30 14:27:32,565 | DEBUG   | 20260930_142732477 | REJECTED T114 | invalid region | {"transaction_id": "T114", "customer_id": "C047", "product": {"id": "P05", "name": "Desk", "category": "Furniture", "price": 189.0}, "quantity": 5, "discount": 0.15, "date": "08-01-2023", "region": "Central"}
2026-09-30 14:27:32,565 | DEBUG   | 20260930_142732477 | REJECTED T327 | invalid quantity (null or <= 0) | {"transaction_id": "T327", "customer_id": "C034", "product": {"id": "P03", "name": "Monitor", "category": "Electronics", "price": 299.5}, "quantity": -1, "discount": 0.15, "date": "06-21-2023", "region": "West"}
2026-09-30 14:27:32,565 | DEBUG   | 20260930_142732477 | REJECTED T214 | invalid quantity (null or <= 0) | {"transaction_id": "T214", "customer_id": "C148", "product": {"id": "P03", "name": "Monitor", "category": "Electronics", "price": 299.5}, "quantity": 0, "discount": 0.2, "date": "01-29-2023", "region": "South"}
2026-09-30 14:27:32,566 | DEBUG   | 20260930_142732477 | REJECTED T216 | invalid quantity (null or <= 0) | {"transaction_id": "T216", "customer_id": "C096", "product": {"id": "P04", "name": "Keyboard", "category": "Accessories", "price": 49.9}, "quantity": -3, "discount": 0.15, "date": "07-05-2023", "region": "South"}
2026-09-30 14:27:32,566 | DEBUG   | 20260930_142732477 | REJECTED T667 | duplicate transaction_id within file | {"transaction_id": "T667", "customer_id": "C032", "product": {"id": "P10", "name": "Bookshelf", "category": "Furniture", "price": 119.5}, "quantity": 8, "discount": 0.05, "date": "2023-07-29", "region": "West"}
2026-09-30 14:27:32,566 | DEBUG   | 20260930_142732477 | REJECTED T758 | unparseable date | {"transaction_id": "T758", "customer_id": "C007", "product": {"id": "P09", "name": "Tablet", "category": "Electronics", "price": 449.0}, "quantity": 4, "discount": 0.1, "date": "2023-13-45", "region": "East"}
2026-09-30 14:27:32,566 | DEBUG   | 20260930_142732477 | REJECTED T622 | invalid quantity (null or <= 0) | {"transaction_id": "T622", "customer_id": "C062", "product": {"id": "P10", "name": "Bookshelf", "category": "Furniture", "price": 119.5}, "quantity": -3, "discount": 0.1, "date": "11-03-2023", "region": "West"}
2026-09-30 14:27:32,566 | DEBUG   | 20260930_142732477 | REJECTED T544 | invalid quantity (null or <= 0) | {"transaction_id": "T544", "customer_id": "C069", "product": {"id": "P09", "name": "Tablet", "category": "Electronics", "price": 449.0}, "quantity": -3, "discount": 0.2, "date": "2023-04-08", "region": "South"}
2026-09-30 14:27:32,566 | DEBUG   | 20260930_142732477 | REJECTED T216 | invalid quantity (null or <= 0) | {"transaction_id": "T216", "customer_id": "C096", "product": {"id": "P04", "name": "Keyboard", "category": "Accessories", "price": 49.9}, "quantity": -2, "discount": 0.15, "date": "07-05-2023", "region": "South"}
2026-09-30 14:27:32,566 | DEBUG   | 20260930_142732477 | REJECTED T605 | invalid region | {"transaction_id": "T605", "customer_id": "C023", "product": {"id": "P10", "name": "Bookshelf", "category": "Furniture", "price": 119.5}, "quantity": 6, "discount": 0.2, "date": "2023-04-01", "region": null}
2026-09-30 14:27:32,566 | DEBUG   | 20260930_142732477 | REJECTED T069 | missing product_id | {"transaction_id": "T069", "customer_id": "C005", "product": {"id": null, "name": "Bookshelf", "category": "Furniture", "price": 119.5}, "quantity": 3, "discount": 0, "date": "2023-12-15T13:15:26Z", "region": "East"}
2026-09-30 14:27:32,566 | DEBUG   | 20260930_142732477 | REJECTED T353 | unparseable date | {"transaction_id": "T353", "customer_id": "C030", "product": {"id": "P05", "name": "Desk", "category": "Furniture", "price": 189.0}, "quantity": 7, "discount": null, "date": "31/31/2023", "region": "North"}
2026-09-30 14:27:32,566 | DEBUG   | 20260930_142732477 | REJECTED T085 | unparseable date | {"transaction_id": "T085", "customer_id": "C145", "product": {"id": "P01", "name": "Laptop", "category": "Electronics", "price": 999.99}, "quantity": 3, "discount": 0.2, "date": "not-a-date", "region": "North"}
2026-09-30 14:27:32,566 | DEBUG   | 20260930_142732477 | REJECTED T433 | invalid discount (not 0-1) | {"transaction_id": "T433", "customer_id": "C038", "product": {"id": "P02", "name": "Mouse", "category": "Accessories", "price": 19.99}, "quantity": 3, "discount": -0.2, "date": "2023-02-03", "region": "West"}
2026-09-30 14:27:32,566 | DEBUG   | 20260930_142732477 | REJECTED T535 | duplicate transaction_id within file | {"transaction_id": "T535", "customer_id": "C082", "product": {"id": "P02", "name": "Mouse", "category": "Accessories", "price": 19.99}, "quantity": 4, "discount": 0.15, "date": "2023-11-17T03:52:03Z", "region": "South"}
2026-09-30 14:27:32,567 | DEBUG   | 20260930_142732477 | REJECTED T509 | invalid region | {"transaction_id": "T509", "customer_id": "C007", "product": {"id": "P02", "name": "Mouse", "category": "Accessories", "price": 19.99}, "quantity": 6, "discount": 0.2, "date": "2023-06-05", "region": "Nrth"}
2026-09-30 14:27:32,567 | DEBUG   | 20260930_142732477 | REJECTED T404 | invalid quantity (null or <= 0) | {"transaction_id": "T404", "customer_id": "C122", "product": {"id": "P03", "name": "Monitor", "category": "Electronics", "price": 299.5}, "quantity": -3, "discount": 0.2, "date": "2023/11/19 15:23:31", "region": "West"}
2026-09-30 14:27:32,567 | DEBUG   | 20260930_142732477 | REJECTED T137 | invalid quantity (null or <= 0) | {"transaction_id": "T137", "customer_id": "C059", "product": {"id": "P06", "name": "Office Chair", "category": "Furniture", "price": 149.0}, "quantity": 0, "discount": null, "date": "2023/10/26 05:19:42", "region": "North"}
2026-09-30 14:27:32,567 | DEBUG   | 20260930_142732477 | REJECTED T421 | invalid price (null or <= 0) | {"transaction_id": "T421", "customer_id": "C126", "product": {"id": "P09", "name": "Tablet", "category": "Electronics", "price": -449.0}, "quantity": 1, "discount": 0.15, "date": "2023/01/26 13:33:20", "region": "North"}
2026-09-30 14:27:32,567 | DEBUG   | 20260930_142732477 | REJECTED T393 | unparseable date | {"transaction_id": "T393", "customer_id": "C034", "product": {"id": "P04", "name": "Keyboard", "category": "Accessories", "price": 49.9}, "quantity": 6, "discount": 0.15, "date": "31/31/2023", "region": "East"}
2026-09-30 14:27:32,567 | DEBUG   | 20260930_142732477 | REJECTED T721 | duplicate transaction_id within file | {"transaction_id": "T721", "customer_id": "C061", "product": {"id": "P03", "name": "Monitor", "category": "Electronics", "price": 299.5}, "quantity": 3, "discount": null, "date": "2023/08/17 22:54:03", "region": "South"}
2026-09-30 14:27:32,567 | DEBUG   | 20260930_142732477 | REJECTED T040 | invalid price (null or <= 0) | {"transaction_id": "T040", "customer_id": "C110", "product": {"id": "P09", "name": "Tablet", "category": "Electronics", "price": -449.0}, "quantity": 8, "discount": 0, "date": "03-14-2023", "region": "North"}
2026-09-30 14:27:32,567 | DEBUG   | 20260930_142732477 | REJECTED T281 | invalid price (null or <= 0) | {"transaction_id": "T281", "customer_id": "C147", "product": {"id": "P02", "name": "Mouse", "category": "Accessories", "price": -19.99}, "quantity": 6, "discount": 0.05, "date": "2023-03-29T11:08:26Z", "region": "South"}
2026-09-30 14:27:32,567 | DEBUG   | 20260930_142732477 | REJECTED T021 | invalid quantity (null or <= 0) | {"transaction_id": "T021", "customer_id": "C100", "product": {"id": "P07", "name": "Webcam", "category": "Accessories", "price": 79.0}, "quantity": -3, "discount": null, "date": "2023/06/27 23:49:49", "region": "North"}
2026-09-30 14:27:32,567 | DEBUG   | 20260930_142732477 | REJECTED T740 | invalid region | {"transaction_id": "T740", "customer_id": "C030", "product": {"id": "P08", "name": "Headphones", "category": "Electronics", "price": 129.99}, "quantity": 2, "discount": 0.1, "date": "03-04-2023", "region": null}
2026-09-30 14:27:32,567 | DEBUG   | 20260930_142732477 | REJECTED T507 | invalid discount (not 0-1) | {"transaction_id": "T507", "customer_id": "C013", "product": {"id": "P06", "name": "Office Chair", "category": "Furniture", "price": 149.0}, "quantity": 3, "discount": -0.2, "date": "2023-12-11", "region": "West"}
2026-09-30 14:27:32,567 | DEBUG   | 20260930_142732477 | REJECTED T089 | invalid quantity (null or <= 0) | {"transaction_id": "T089", "customer_id": "C080", "product": {"id": "P08", "name": "Headphones", "category": "Electronics", "price": 129.99}, "quantity": -1, "discount": 0.1, "date": "2023/05/24 19:13:25", "region": "East"}
2026-09-30 14:27:32,567 | DEBUG   | 20260930_142732477 | REJECTED T408 | invalid price (null or <= 0) | {"transaction_id": "T408", "customer_id": "C038", "product": {"id": "P09", "name": "Tablet", "category": "Electronics", "price": -449.0}, "quantity": 4, "discount": 0, "date": "12-29-2023", "region": "North"}
2026-09-30 14:27:32,567 | DEBUG   | 20260930_142732477 | REJECTED T714 | invalid discount (not 0-1) | {"transaction_id": "T714", "customer_id": "C041", "product": {"id": "P04", "name": "Keyboard", "category": "Accessories", "price": 49.9}, "quantity": 5, "discount": 1.5, "date": "06-09-2023", "region": "West"}
2026-09-30 14:27:32,568 | DEBUG   | 20260930_142732477 | REJECTED T438 | duplicate transaction_id within file | {"transaction_id": "T438", "customer_id": "C059", "product": {"id": "P09", "name": "Tablet", "category": "Electronics", "price": 449.0}, "quantity": 1, "discount": 0.15, "date": "2023/06/06 20:27:02", "region": "South"}
2026-09-30 14:27:32,568 | DEBUG   | 20260930_142732477 | REJECTED T105 | unparseable date | {"transaction_id": "T105", "customer_id": "C150", "product": {"id": "P01", "name": "Laptop", "category": "Electronics", "price": 999.99}, "quantity": 7, "discount": 0.15, "date": null, "region": "North"}
2026-09-30 14:27:32,568 | DEBUG   | 20260930_142732477 | REJECTED T104 | missing product_id | {"transaction_id": "T104", "customer_id": "C129", "product": {"id": null, "name": "Desk", "category": "Furniture", "price": 189.0}, "quantity": 6, "discount": 0.1, "date": "2023-06-17", "region": "East"}
2026-09-30 14:27:32,568 | DEBUG   | 20260930_142732477 | REJECTED T198 | invalid region | {"transaction_id": "T198", "customer_id": "C012", "product": {"id": "P09", "name": "Tablet", "category": "Electronics", "price": 449.0}, "quantity": 4, "discount": 0, "date": "2023/05/27 21:58:34", "region": ""}
2026-09-30 14:27:32,568 | DEBUG   | 20260930_142732477 | REJECTED T798 | duplicate transaction_id within file | {"transaction_id": "T798", "customer_id": "C065", "product": {"id": "P06", "name": "Office Chair", "category": "Furniture", "price": 149.0}, "quantity": 5, "discount": 0.15, "date": "2023/02/23 07:11:26", "region": "South"}
2026-09-30 14:27:32,568 | DEBUG   | 20260930_142732477 | REJECTED T176 | unparseable date | {"transaction_id": "T176", "customer_id": "C063", "product": {"id": "P06", "name": "Office Chair", "category": "Furniture", "price": 149.0}, "quantity": 7, "discount": 0.05, "date": null, "region": "East"}
2026-09-30 14:27:32,568 | DEBUG   | 20260930_142732477 | REJECTED T730 | missing product_id | {"transaction_id": "T730", "customer_id": "C019", "product": {"id": null, "name": "Headphones", "category": "Electronics", "price": 129.99}, "quantity": 5, "discount": 0.05, "date": "2023-06-09T03:54:51Z", "region": "East"}
2026-09-30 14:27:32,568 | DEBUG   | 20260930_142732477 | REJECTED T366 | invalid discount (not 0-1) | {"transaction_id": "T366", "customer_id": "C062", "product": {"id": "P09", "name": "Tablet", "category": "Electronics", "price": 449.0}, "quantity": 7, "discount": 7, "date": "01-27-2023", "region": "South"}
2026-09-30 14:27:32,568 | DEBUG   | 20260930_142732477 | REJECTED T661 | invalid price (null or <= 0) | {"transaction_id": "T661", "customer_id": "C108", "product": {"id": "P05", "name": "Desk", "category": "Furniture", "price": -189.0}, "quantity": 4, "discount": 0.1, "date": "2023/04/28 16:26:17", "region": "West"}
2026-09-30 14:27:32,568 | DEBUG   | 20260930_142732477 | REJECTED T174 | duplicate transaction_id within file | {"transaction_id": "T174", "customer_id": "C050", "product": {"id": "P10", "name": "Bookshelf", "category": "Furniture", "price": 119.5}, "quantity": 5, "discount": 0.05, "date": "2023/01/26 17:05:54", "region": "South"}
2026-09-30 14:27:32,568 | DEBUG   | 20260930_142732477 | REJECTED T543 | invalid region | {"transaction_id": "T543", "customer_id": "C101", "product": {"id": "P04", "name": "Keyboard", "category": "Accessories", "price": 49.9}, "quantity": 7, "discount": 0.15, "date": "12-04-2023", "region": ""}
2026-09-30 14:27:32,568 | DEBUG   | 20260930_142732477 | REJECTED T420 | missing customer_id | {"transaction_id": "T420", "customer_id": null, "product": {"id": "P07", "name": "Webcam", "category": "Accessories", "price": 79.0}, "quantity": 7, "discount": 0.05, "date": "2023-01-25T02:10:32Z", "region": "West"}
2026-09-30 14:27:32,568 | DEBUG   | 20260930_142732477 | REJECTED T443 | invalid quantity (null or <= 0) | {"transaction_id": "T443", "customer_id": "C027", "product": {"id": "P07", "name": "Webcam", "category": "Accessories", "price": 79.0}, "quantity": -1, "discount": 0.1, "date": "11-27-2023", "region": "West"}
2026-09-30 14:27:32,568 | DEBUG   | 20260930_142732477 | REJECTED T762 | missing product_id | {"transaction_id": "T762", "customer_id": "C011", "product": {"id": null, "name": "Laptop", "category": "Electronics", "price": 999.99}, "quantity": 3, "discount": 0.05, "date": "2023-05-07T16:15:24Z", "region": "West"}
2026-09-30 14:27:32,569 | DEBUG   | 20260930_142732477 | REJECTED T368 | invalid quantity (null or <= 0) | {"transaction_id": "T368", "customer_id": "C141", "product": {"id": "P06", "name": "Office Chair", "category": "Furniture", "price": 149.0}, "quantity": -2, "discount": 0.05, "date": "04-15-2023", "region": "West"}
2026-09-30 14:27:32,569 | DEBUG   | 20260930_142732477 | REJECTED T361 | missing customer_id | {"transaction_id": "T361", "customer_id": null, "product": {"id": "P05", "name": "Desk", "category": "Furniture", "price": 189.0}, "quantity": 6, "discount": 0.05, "date": "02-17-2023", "region": "East"}
2026-09-30 14:27:32,569 | DEBUG   | 20260930_142732477 | REJECTED T576 | invalid discount (not 0-1) | {"transaction_id": "T576", "customer_id": "C107", "product": {"id": "P02", "name": "Mouse", "category": "Accessories", "price": 19.99}, "quantity": 5, "discount": -0.2, "date": "10-03-2023", "region": "North"}
2026-09-30 14:27:32,569 | DEBUG   | 20260930_142732477 | REJECTED T271 | invalid region | {"transaction_id": "T271", "customer_id": "C046", "product": {"id": "P09", "name": "Tablet", "category": "Electronics", "price": 449.0}, "quantity": 1, "discount": 0.2, "date": "2023/06/16 20:58:37", "region": "Central"}
2026-09-30 14:27:32,569 | DEBUG   | 20260930_142732477 | REJECTED T520 | invalid price (null or <= 0) | {"transaction_id": "T520", "customer_id": "C110", "product": {"id": "P01", "name": "Laptop", "category": "Electronics", "price": -999.99}, "quantity": 4, "discount": 0.05, "date": "07-03-2023", "region": "South"}
2026-09-30 14:27:32,569 | DEBUG   | 20260930_142732477 | REJECTED T099 | unparseable date | {"transaction_id": "T099", "customer_id": "C059", "product": {"id": "P06", "name": "Office Chair", "category": "Furniture", "price": 149.0}, "quantity": 3, "discount": 0.2, "date": null, "region": "West"}
2026-09-30 14:27:32,569 | DEBUG   | 20260930_142732477 | REJECTED T666 | invalid discount (not 0-1) | {"transaction_id": "T666", "customer_id": "C112", "product": {"id": "P07", "name": "Webcam", "category": "Accessories", "price": 79.0}, "quantity": 5, "discount": -0.2, "date": "11-27-2023", "region": "East"}
2026-09-30 14:27:32,569 | DEBUG   | 20260930_142732477 | REJECTED T690 | invalid region | {"transaction_id": "T690", "customer_id": "C017", "product": {"id": "P05", "name": "Desk", "category": "Furniture", "price": 189.0}, "quantity": 8, "discount": 0.15, "date": "2023-01-08", "region": "Central"}
2026-09-30 14:27:32,569 | DEBUG   | 20260930_142732477 | REJECTED T316 | invalid quantity (null or <= 0) | {"transaction_id": "T316", "customer_id": "C089", "product": {"id": "P09", "name": "Tablet", "category": "Electronics", "price": 449.0}, "quantity": 0, "discount": null, "date": "2023/08/31 16:57:04", "region": "West"}
2026-09-30 14:27:32,569 | DEBUG   | 20260930_142732477 | REJECTED T449 | duplicate transaction_id within file | {"transaction_id": "T449", "customer_id": "C007", "product": {"id": "P04", "name": "Keyboard", "category": "Accessories", "price": 49.9}, "quantity": 7, "discount": 0.2, "date": "2023/09/26 20:20:37", "region": "North"}
2026-09-30 14:27:32,569 | DEBUG   | 20260930_142732477 | REJECTED T468 | duplicate transaction_id within file | {"transaction_id": "T468", "customer_id": "C097", "product": {"id": "P08", "name": "Headphones", "category": "Electronics", "price": 129.99}, "quantity": 8, "discount": 0.05, "date": "06-30-2023", "region": "South"}
2026-09-30 14:27:32,569 | DEBUG   | 20260930_142732477 | REJECTED T385 | invalid quantity (null or <= 0) | {"transaction_id": "T385", "customer_id": "C142", "product": {"id": "P09", "name": "Tablet", "category": "Electronics", "price": 449.0}, "quantity": 0, "discount": null, "date": "09-17-2023", "region": "West"}
2026-09-30 14:27:32,569 | DEBUG   | 20260930_142732477 | REJECTED T122 | invalid quantity (null or <= 0) | {"transaction_id": "T122", "customer_id": "C099", "product": {"id": "P01", "name": "Laptop", "category": "Electronics", "price": 999.99}, "quantity": 0, "discount": 0, "date": "2023/01/01 20:24:27", "region": "North"}
2026-09-30 14:27:32,569 | DEBUG   | 20260930_142732477 | REJECTED T696 | invalid quantity (null or <= 0) | {"transaction_id": "T696", "customer_id": "C058", "product": {"id": "P04", "name": "Keyboard", "category": "Accessories", "price": 49.9}, "quantity": -2, "discount": 0.1, "date": "2023-12-21T04:56:57Z", "region": "West"}
2026-09-30 14:27:32,569 | DEBUG   | 20260930_142732477 | REJECTED T224 | unparseable date | {"transaction_id": "T224", "customer_id": "C080", "product": {"id": "P02", "name": "Mouse", "category": "Accessories", "price": 19.99}, "quantity": 6, "discount": 0.1, "date": null, "region": "West"}
2026-09-30 14:27:32,570 | DEBUG   | 20260930_142732477 | REJECTED T212 | missing product_id | {"transaction_id": "T212", "customer_id": "C107", "product": {"id": null, "name": "Office Chair", "category": "Furniture", "price": 149.0}, "quantity": 3, "discount": 0, "date": "2023-05-20T17:53:43Z", "region": "West"}
2026-09-30 14:27:32,570 | DEBUG   | 20260930_142732477 | REJECTED T211 | unparseable date | {"transaction_id": "T211", "customer_id": "C070", "product": {"id": "P03", "name": "Monitor", "category": "Electronics", "price": 299.5}, "quantity": 4, "discount": 0.05, "date": null, "region": "South"}
2026-09-30 14:27:32,570 | DEBUG   | 20260930_142732477 | REJECTED T081 | duplicate transaction_id within file | {"transaction_id": "T081", "customer_id": "C123", "product": {"id": "P03", "name": "Monitor", "category": "Electronics", "price": 299.5}, "quantity": 7, "discount": 0, "date": "2023/07/01 19:43:16", "region": "North"}
2026-09-30 14:27:32,570 | DEBUG   | 20260930_142732477 | REJECTED T586 | invalid price (null or <= 0) | {"transaction_id": "T586", "customer_id": "C088", "product": {"id": "P02", "name": "Mouse", "category": "Accessories", "price": -19.99}, "quantity": 8, "discount": null, "date": "2023-02-22", "region": "East"}
2026-09-30 14:27:32,570 | DEBUG   | 20260930_142732477 | REJECTED T208 | invalid discount (not 0-1) | {"transaction_id": "T208", "customer_id": "C035", "product": {"id": "P04", "name": "Keyboard", "category": "Accessories", "price": 49.9}, "quantity": 3, "discount": 1.5, "date": "2023-08-10", "region": "South"}
2026-09-30 14:27:32,570 | DEBUG   | 20260930_142732477 | REJECTED T047 | invalid quantity (null or <= 0) | {"transaction_id": "T047", "customer_id": "C005", "product": {"id": "P08", "name": "Headphones", "category": "Electronics", "price": 129.99}, "quantity": -2, "discount": 0.1, "date": "2023-01-13T15:25:59Z", "region": "North"}
2026-09-30 14:27:32,570 | DEBUG   | 20260930_142732477 | REJECTED T683 | missing product_id | {"transaction_id": "T683", "customer_id": "C087", "product": {"id": null, "name": "Laptop", "category": "Electronics", "price": 999.99}, "quantity": 7, "discount": 0.05, "date": "2023-04-27T03:13:03Z", "region": "East"}
2026-09-30 14:27:32,570 | DEBUG   | 20260930_142732477 | REJECTED T009 | missing customer_id | {"transaction_id": "T009", "customer_id": null, "product": {"id": "P07", "name": "Webcam", "category": "Accessories", "price": 79.0}, "quantity": 5, "discount": 0.15, "date": "2023-03-12", "region": "North"}
2026-09-30 14:27:32,570 | DEBUG   | 20260930_142732477 | REJECTED T134 | unparseable date | {"transaction_id": "T134", "customer_id": "C079", "product": {"id": "P01", "name": "Laptop", "category": "Electronics", "price": 999.99}, "quantity": 6, "discount": null, "date": null, "region": "West"}
2026-09-30 14:27:32,570 | DEBUG   | 20260930_142732477 | REJECTED T062 | invalid quantity (null or <= 0) | {"transaction_id": "T062", "customer_id": "C143", "product": {"id": "P04", "name": "Keyboard", "category": "Accessories", "price": 49.9}, "quantity": 0, "discount": 0.05, "date": "2023/08/27 12:31:08", "region": "South"}
2026-09-30 14:27:32,570 | DEBUG   | 20260930_142732477 | REJECTED T654 | invalid discount (not 0-1) | {"transaction_id": "T654", "customer_id": "C112", "product": {"id": "P07", "name": "Webcam", "category": "Accessories", "price": 79.0}, "quantity": 2, "discount": -0.2, "date": "03-04-2023", "region": "East"}
2026-09-30 14:27:32,570 | DEBUG   | 20260930_142732477 | REJECTED T257 | invalid discount (not 0-1) | {"transaction_id": "T257", "customer_id": "C080", "product": {"id": "P04", "name": "Keyboard", "category": "Accessories", "price": 49.9}, "quantity": 5, "discount": 1.5, "date": "2023-10-19", "region": "East"}
2026-09-30 14:27:32,570 | DEBUG   | 20260930_142732477 | REJECTED T117 | missing product_id | {"transaction_id": "T117", "customer_id": "C025", "product": {"id": null, "name": "Desk", "category": "Furniture", "price": 189.0}, "quantity": 2, "discount": 0, "date": "2023-11-15", "region": "East"}
2026-09-30 14:27:32,570 | DEBUG   | 20260930_142732477 | REJECTED T612 | invalid region | {"transaction_id": "T612", "customer_id": "C013", "product": {"id": "P06", "name": "Office Chair", "category": "Furniture", "price": 149.0}, "quantity": 2, "discount": 0.1, "date": "2023-10-17T20:49:54Z", "region": ""}
2026-09-30 14:27:32,570 | DEBUG   | 20260930_142732477 | REJECTED T366 | invalid discount (not 0-1) | {"transaction_id": "T366", "customer_id": "C062", "product": {"id": "P09", "name": "Tablet", "category": "Electronics", "price": 449.0}, "quantity": 6, "discount": 7, "date": "01-27-2023", "region": "South"}
2026-09-30 14:27:32,571 | DEBUG   | 20260930_142732477 | REJECTED T502 | duplicate transaction_id within file | {"transaction_id": "T502", "customer_id": "C023", "product": {"id": "P05", "name": "Desk", "category": "Furniture", "price": 189.0}, "quantity": 6, "discount": 0.15, "date": "2023-05-12T03:08:55Z", "region": "South"}
2026-09-30 14:27:32,571 | DEBUG   | 20260930_142732477 | REJECTED T693 | duplicate transaction_id within file | {"transaction_id": "T693", "customer_id": "C082", "product": {"id": "P03", "name": "Monitor", "category": "Electronics", "price": 299.5}, "quantity": 5, "discount": 0.2, "date": "2023-03-17", "region": "South"}
2026-09-30 14:27:32,571 | DEBUG   | 20260930_142732477 | REJECTED T461 | unparseable date | {"transaction_id": "T461", "customer_id": "C008", "product": {"id": "P10", "name": "Bookshelf", "category": "Furniture", "price": 119.5}, "quantity": 1, "discount": 0.05, "date": "not-a-date", "region": "North"}
2026-09-30 14:27:32,571 | DEBUG   | 20260930_142732477 | REJECTED T370 | duplicate transaction_id within file | {"transaction_id": "T370", "customer_id": "C117", "product": {"id": "P06", "name": "Office Chair", "category": "Furniture", "price": 149.0}, "quantity": 2, "discount": 0.1, "date": "2023-01-04", "region": "East"}
2026-09-30 14:27:32,571 | DEBUG   | 20260930_142732477 | REJECTED T676 | missing customer_id | {"transaction_id": "T676", "customer_id": null, "product": {"id": "P09", "name": "Tablet", "category": "Electronics", "price": 449.0}, "quantity": 1, "discount": null, "date": "2023/01/26 21:52:11", "region": "West"}
2026-09-30 14:27:32,571 | DEBUG   | 20260930_142732477 | REJECTED T565 | duplicate transaction_id within file | {"transaction_id": "T565", "customer_id": "C045", "product": {"id": "P08", "name": "Headphones", "category": "Electronics", "price": 129.99}, "quantity": 6, "discount": 0, "date": "12-29-2023", "region": "South"}
2026-09-30 14:27:32,571 | DEBUG   | 20260930_142732477 | REJECTED T142 | invalid region | {"transaction_id": "T142", "customer_id": "C006", "product": {"id": "P01", "name": "Laptop", "category": "Electronics", "price": 999.99}, "quantity": 2, "discount": 0.1, "date": "2023-05-07T08:20:08Z", "region": null}
2026-09-30 14:27:32,571 | DEBUG   | 20260930_142732477 | REJECTED T345 | invalid discount (not 0-1) | {"transaction_id": "T345", "customer_id": "C088", "product": {"id": "P02", "name": "Mouse", "category": "Accessories", "price": 19.99}, "quantity": 8, "discount": 1.5, "date": "2023-10-24T07:40:27Z", "region": "West"}
2026-09-30 14:27:32,571 | DEBUG   | 20260930_142732477 | REJECTED T354 | missing product_id | {"transaction_id": "T354", "customer_id": "C001", "product": {"id": null, "name": "Office Chair", "category": "Furniture", "price": 149.0}, "quantity": 4, "discount": 0.15, "date": "08-17-2023", "region": "South"}
2026-09-30 14:27:32,571 | DEBUG   | 20260930_142732477 | REJECTED T681 | duplicate transaction_id within file | {"transaction_id": "T681", "customer_id": "C023", "product": {"id": "P03", "name": "Monitor", "category": "Electronics", "price": 299.5}, "quantity": 8, "discount": 0.2, "date": "2023-01-15", "region": "East"}
2026-09-30 14:27:32,571 | DEBUG   | 20260930_142732477 | REJECTED T619 | duplicate transaction_id within file | {"transaction_id": "T619", "customer_id": "C025", "product": {"id": "P07", "name": "Webcam", "category": "Accessories", "price": 79.0}, "quantity": 6, "discount": 0.1, "date": "04-27-2023", "region": "South"}
2026-09-30 14:27:32,571 | DEBUG   | 20260930_142732477 | REJECTED T764 | unparseable date | {"transaction_id": "T764", "customer_id": "C128", "product": {"id": "P08", "name": "Headphones", "category": "Electronics", "price": 129.99}, "quantity": 2, "discount": 0.2, "date": "2023-13-45", "region": "South"}
2026-09-30 14:27:32,571 | DEBUG   | 20260930_142732477 | REJECTED T513 | unparseable date | {"transaction_id": "T513", "customer_id": "C034", "product": {"id": "P04", "name": "Keyboard", "category": "Accessories", "price": 49.9}, "quantity": 7, "discount": 0.15, "date": "not-a-date", "region": "West"}
2026-09-30 14:27:32,571 | DEBUG   | 20260930_142732477 | REJECTED T155 | duplicate transaction_id within file | {"transaction_id": "T155", "customer_id": "C050", "product": {"id": "P01", "name": "Laptop", "category": "Electronics", "price": 999.99}, "quantity": 6, "discount": 0.2, "date": "2023/05/24 06:55:09", "region": "East"}
2026-09-30 14:27:32,571 | DEBUG   | 20260930_142732477 | REJECTED T383 | unparseable date | {"transaction_id": "T383", "customer_id": "C136", "product": {"id": "P05", "name": "Desk", "category": "Furniture", "price": 189.0}, "quantity": 7, "discount": 0, "date": "not-a-date", "region": "West"}
2026-09-30 14:27:32,572 | DEBUG   | 20260930_142732477 | REJECTED T635 | invalid quantity (null or <= 0) | {"transaction_id": "T635", "customer_id": "C105", "product": {"id": "P05", "name": "Desk", "category": "Furniture", "price": 189.0}, "quantity": -1, "discount": 0.05, "date": "2023/11/22 13:26:06", "region": "South"}
2026-09-30 14:27:32,572 | DEBUG   | 20260930_142732477 | REJECTED T063 | duplicate transaction_id within file | {"transaction_id": "T063", "customer_id": "C116", "product": {"id": "P02", "name": "Mouse", "category": "Accessories", "price": 19.99}, "quantity": 6, "discount": 0.05, "date": "2023-02-27T09:33:04Z", "region": "North"}
2026-09-30 14:27:32,572 | DEBUG   | 20260930_142732477 | REJECTED T270 | invalid quantity (null or <= 0) | {"transaction_id": "T270", "customer_id": "C122", "product": {"id": "P01", "name": "Laptop", "category": "Electronics", "price": 999.99}, "quantity": 0, "discount": 0.1, "date": "2023-12-15", "region": "West"}
2026-09-30 14:27:32,572 | DEBUG   | 20260930_142732477 | REJECTED T185 | missing product_id | {"transaction_id": "T185", "customer_id": "C072", "product": {"id": null, "name": "Bookshelf", "category": "Furniture", "price": 119.5}, "quantity": 4, "discount": 0.1, "date": "2023-07-02T21:15:03Z", "region": "West"}
2026-09-30 14:27:32,572 | DEBUG   | 20260930_142732477 | REJECTED T468 | duplicate transaction_id within file | {"transaction_id": "T468", "customer_id": "C097", "product": {"id": "P08", "name": "Headphones", "category": "Electronics", "price": 129.99}, "quantity": 7, "discount": 0.05, "date": "06-30-2023", "region": "South"}
2026-09-30 14:27:32,572 | DEBUG   | 20260930_142732477 | REJECTED T144 | missing product_id | {"transaction_id": "T144", "customer_id": "C119", "product": {"id": null, "name": "Tablet", "category": "Electronics", "price": 449.0}, "quantity": 3, "discount": 0.05, "date": "2023-05-13", "region": "North"}
2026-09-30 14:27:32,572 | DEBUG   | 20260930_142732477 | REJECTED T060 | duplicate transaction_id within file | {"transaction_id": "T060", "customer_id": "C044", "product": {"id": "P01", "name": "Laptop", "category": "Electronics", "price": 999.99}, "quantity": 5, "discount": 0, "date": "10-17-2023", "region": "East"}
2026-09-30 14:27:32,572 | DEBUG   | 20260930_142732477 | REJECTED T642 | unparseable date | {"transaction_id": "T642", "customer_id": "C126", "product": {"id": "P05", "name": "Desk", "category": "Furniture", "price": 189.0}, "quantity": 6, "discount": 0.1, "date": null, "region": "East"}
2026-09-30 14:27:32,572 | DEBUG   | 20260930_142732477 | REJECTED T153 | unparseable date | {"transaction_id": "T153", "customer_id": "C081", "product": {"id": "P09", "name": "Tablet", "category": "Electronics", "price": 449.0}, "quantity": 6, "discount": null, "date": "2023-13-45", "region": "East"}
2026-09-30 14:27:32,572 | DEBUG   | 20260930_142732477 | REJECTED T017 | missing customer_id | {"transaction_id": "T017", "customer_id": null, "product": {"id": "P09", "name": "Tablet", "category": "Electronics", "price": 449.0}, "quantity": 5, "discount": 0.2, "date": "06-27-2023", "region": "West"}
2026-09-30 14:27:32,573 | DEBUG   | 20260930_142732477 | REJECTED T490 | invalid quantity (null or <= 0) | {"transaction_id": "T490", "customer_id": "C094", "product": {"id": "P05", "name": "Desk", "category": "Furniture", "price": 189.0}, "quantity": 0, "discount": 0.1, "date": "2023-11-05", "region": "North"}
2026-09-30 14:27:32,573 | DEBUG   | 20260930_142732477 | REJECTED T665 | missing customer_id | {"transaction_id": "T665", "customer_id": null, "product": {"id": "P09", "name": "Tablet", "category": "Electronics", "price": 449.0}, "quantity": 1, "discount": 0.1, "date": "03-11-2023", "region": "South"}
2026-09-30 14:27:32,573 | DEBUG   | 20260930_142732477 | REJECTED T253 | invalid quantity (null or <= 0) | {"transaction_id": "T253", "customer_id": "C075", "product": {"id": "P03", "name": "Monitor", "category": "Electronics", "price": 299.5}, "quantity": 0, "discount": 0.1, "date": "2023-02-21T14:22:26Z", "region": "South"}
2026-09-30 14:27:32,573 | DEBUG   | 20260930_142732477 | REJECTED T131 | duplicate transaction_id within file | {"transaction_id": "T131", "customer_id": "C095", "product": {"id": "P01", "name": "Laptop", "category": "Electronics", "price": 999.99}, "quantity": 8, "discount": 0.1, "date": "2023-09-30T09:57:56Z", "region": "East"}
2026-09-30 14:27:32,573 | DEBUG   | 20260930_142732477 | REJECTED T093 | unparseable date | {"transaction_id": "T093", "customer_id": "C055", "product": {"id": "P10", "name": "Bookshelf", "category": "Furniture", "price": 119.5}, "quantity": 5, "discount": 0.1, "date": null, "region": "West"}
2026-09-30 14:27:32,573 | DEBUG   | 20260930_142732477 | REJECTED T130 | invalid price (null or <= 0) | {"transaction_id": "T130", "customer_id": "C126", "product": {"id": "P05", "name": "Desk", "category": "Furniture", "price": -189.0}, "quantity": 3, "discount": 0.05, "date": "2023-02-18", "region": "West"}
2026-09-30 14:27:32,573 | DEBUG   | 20260930_142732477 | REJECTED T025 | unparseable date | {"transaction_id": "T025", "customer_id": "C139", "product": {"id": "P03", "name": "Monitor", "category": "Electronics", "price": 299.5}, "quantity": 3, "discount": 0.2, "date": null, "region": "South"}
2026-09-30 14:27:32,573 | DEBUG   | 20260930_142732477 | REJECTED T640 | missing product_id | {"transaction_id": "T640", "customer_id": "C126", "product": {"id": null, "name": "Desk", "category": "Furniture", "price": 189.0}, "quantity": 6, "discount": 0.1, "date": "2023-09-24T06:54:43Z", "region": "North"}
2026-09-30 14:27:32,573 | DEBUG   | 20260930_142732477 | REJECTED T413 | duplicate transaction_id within file | {"transaction_id": "T413", "customer_id": "C122", "product": {"id": "P02", "name": "Mouse", "category": "Accessories", "price": 19.99}, "quantity": 6, "discount": 0.2, "date": "2023-02-15T13:56:38Z", "region": "South"}
2026-09-30 14:27:32,573 | DEBUG   | 20260930_142732477 | REJECTED T666 | invalid discount (not 0-1) | {"transaction_id": "T666", "customer_id": "C112", "product": {"id": "P07", "name": "Webcam", "category": "Accessories", "price": 79.0}, "quantity": 5, "discount": -0.2, "date": "11-27-2023", "region": "East"}
2026-09-30 14:27:32,573 | DEBUG   | 20260930_142732477 | REJECTED T445 | invalid quantity (null or <= 0) | {"transaction_id": "T445", "customer_id": "C107", "product": {"id": "P06", "name": "Office Chair", "category": "Furniture", "price": 149.0}, "quantity": -2, "discount": 0.1, "date": "08-08-2023", "region": "East"}
2026-09-30 14:27:32,575 | INFO    | 20260930_142732477 | REJECT   details written to C:\Users\janah\OneDrive\Desktop\JUVERIA PROJECT\DE-Project\logs\rejected_20260930_142732477.csv
2026-09-30 14:27:32,576 | INFO    | 20260930_142732477 | LOAD     current watermark = None
2026-09-30 14:27:32,582 | INFO    | 20260930_142732477 | LOAD     new=707  changed=0  unchanged(skipped)=0
2026-09-30 14:27:32,600 | INFO    | 20260930_142732477 | LOAD     watermark advanced to 2023-12-31 02:44:45
2026-09-30 14:27:32,603 | INFO    | 20260930_142732477 | DONE     extracted=824 rejected=117 inserted=707 updated=0 skipped=0
2026-09-30 14:32:39,449 | INFO    | 20260930_143239449 | ======================================================================
2026-09-30 14:32:39,449 | INFO    | 20260930_143239449 | START    input=data\sales_data_batch2.json db=C:\Users\janah\OneDrive\Desktop\JUVERIA PROJECT\DE-Project\db\sales.db
2026-09-30 14:32:39,453 | INFO    | 20260930_143239449 | EXTRACT  reading data\sales_data_batch2.json
2026-09-30 14:32:39,456 | INFO    | 20260930_143239449 | EXTRACT  173 records read, 11 columns after flattening
2026-09-30 14:32:39,467 | INFO    | 20260930_143239449 | TRANSFORM 41 missing discounts defaulted to 0
2026-09-30 14:32:39,478 | INFO    | 20260930_143239449 | TRANSFORM 165 rows valid, 8 rows rejected
2026-09-30 14:32:39,479 | WARNING | 20260930_143239449 | REJECT      3 x invalid region
2026-09-30 14:32:39,479 | WARNING | 20260930_143239449 | REJECT      3 x invalid quantity (null or <= 0)
2026-09-30 14:32:39,479 | WARNING | 20260930_143239449 | REJECT      1 x invalid discount (not 0-1)
2026-09-30 14:32:39,479 | WARNING | 20260930_143239449 | REJECT      1 x invalid price (null or <= 0)
2026-09-30 14:32:39,479 | DEBUG   | 20260930_143239449 | REJECTED T860 | invalid region | {"transaction_id": "T860", "customer_id": "C093", "product": {"id": "P04", "name": "Keyboard", "category": "Accessories", "price": 49.9}, "quantity": 6, "discount": 0, "date": "2024-01-08", "region": "Central"}
2026-09-30 14:32:39,480 | DEBUG   | 20260930_143239449 | REJECTED T834 | invalid discount (not 0-1) | {"transaction_id": "T834", "customer_id": "C029", "product": {"id": "P08", "name": "Headphones", "category": "Electronics", "price": 129.99}, "quantity": 6, "discount": 1.5, "date": "2024-01-23", "region": "North"}
2026-09-30 14:32:39,480 | DEBUG   | 20260930_143239449 | REJECTED T844 | invalid quantity (null or <= 0) | {"transaction_id": "T844", "customer_id": "C136", "product": {"id": "P04", "name": "Keyboard", "category": "Accessories", "price": 49.9}, "quantity": -2, "discount": 0.05, "date": "01-16-2024", "region": "North"}
2026-09-30 14:32:39,480 | DEBUG   | 20260930_143239449 | REJECTED T823 | invalid quantity (null or <= 0) | {"transaction_id": "T823", "customer_id": "C074", "product": {"id": "P06", "name": "Office Chair", "category": "Furniture", "price": 149.0}, "quantity": -1, "discount": null, "date": "2024/01/20 23:03:34", "region": "South"}
2026-09-30 14:32:39,480 | DEBUG   | 20260930_143239449 | REJECTED T816 | invalid region | {"transaction_id": "T816", "customer_id": "C035", "product": {"id": "P10", "name": "Bookshelf", "category": "Furniture", "price": 119.5}, "quantity": 5, "discount": 0.2, "date": "02-21-2024", "region": null}
2026-09-30 14:32:39,480 | DEBUG   | 20260930_143239449 | REJECTED T801 | invalid quantity (null or <= 0) | {"transaction_id": "T801", "customer_id": "C134", "product": {"id": "P07", "name": "Webcam", "category": "Accessories", "price": 79.0}, "quantity": -3, "discount": 0, "date": "2024-02-06T20:27:34Z", "region": "East"}
2026-09-30 14:32:39,480 | DEBUG   | 20260930_143239449 | REJECTED T833 | invalid price (null or <= 0) | {"transaction_id": "T833", "customer_id": "C060", "product": {"id": "P01", "name": "Laptop", "category": "Electronics", "price": -999.99}, "quantity": 1, "discount": 0.05, "date": "2024/01/08 11:53:37", "region": "North"}
2026-09-30 14:32:39,480 | DEBUG   | 20260930_143239449 | REJECTED T829 | invalid region | {"transaction_id": "T829", "customer_id": "C070", "product": {"id": "P01", "name": "Laptop", "category": "Electronics", "price": 999.99}, "quantity": 7, "discount": null, "date": "2024-01-01T10:35:33Z", "region": "Central"}
2026-09-30 14:32:39,482 | INFO    | 20260930_143239449 | REJECT   details written to C:\Users\janah\OneDrive\Desktop\JUVERIA PROJECT\DE-Project\logs\rejected_20260930_143239449.csv
2026-09-30 14:32:39,482 | INFO    | 20260930_143239449 | LOAD     current watermark = 2023-12-31 02:44:45
2026-09-30 14:32:39,485 | WARNING | 20260930_143239449 | LOAD     3 late-arriving NEW rows (dated <= watermark) - inserting anyway
2026-09-30 14:32:39,485 | INFO    | 20260930_143239449 | LOAD     new=145  changed=5  unchanged(skipped)=15
2026-09-30 14:32:39,495 | INFO    | 20260930_143239449 | LOAD     watermark advanced to 2024-02-28 03:45:19
2026-09-30 14:32:39,498 | INFO    | 20260930_143239449 | DONE     extracted=173 rejected=8 inserted=145 updated=5 skipped=15
2026-09-30 14:36:28,892 | INFO    | 20260930_143628892 | ======================================================================
2026-09-30 14:36:28,892 | INFO    | 20260930_143628892 | START    input=data\sales_data_batch2.json db=C:\Users\janah\OneDrive\Desktop\JUVERIA PROJECT\DE-Project\db\sales.db
2026-09-30 14:36:28,899 | INFO    | 20260930_143628892 | EXTRACT  reading data\sales_data_batch2.json
2026-09-30 14:36:28,902 | INFO    | 20260930_143628892 | EXTRACT  173 records read, 11 columns after flattening
2026-09-30 14:36:28,912 | INFO    | 20260930_143628892 | TRANSFORM 41 missing discounts defaulted to 0
2026-09-30 14:36:28,923 | INFO    | 20260930_143628892 | TRANSFORM 165 rows valid, 8 rows rejected
2026-09-30 14:36:28,924 | WARNING | 20260930_143628892 | REJECT      3 x invalid region
2026-09-30 14:36:28,924 | WARNING | 20260930_143628892 | REJECT      3 x invalid quantity (null or <= 0)
2026-09-30 14:36:28,925 | WARNING | 20260930_143628892 | REJECT      1 x invalid discount (not 0-1)
2026-09-30 14:36:28,925 | WARNING | 20260930_143628892 | REJECT      1 x invalid price (null or <= 0)
2026-09-30 14:36:28,925 | DEBUG   | 20260930_143628892 | REJECTED T860 | invalid region | {"transaction_id": "T860", "customer_id": "C093", "product": {"id": "P04", "name": "Keyboard", "category": "Accessories", "price": 49.9}, "quantity": 6, "discount": 0, "date": "2024-01-08", "region": "Central"}
2026-09-30 14:36:28,925 | DEBUG   | 20260930_143628892 | REJECTED T834 | invalid discount (not 0-1) | {"transaction_id": "T834", "customer_id": "C029", "product": {"id": "P08", "name": "Headphones", "category": "Electronics", "price": 129.99}, "quantity": 6, "discount": 1.5, "date": "2024-01-23", "region": "North"}
2026-09-30 14:36:28,925 | DEBUG   | 20260930_143628892 | REJECTED T844 | invalid quantity (null or <= 0) | {"transaction_id": "T844", "customer_id": "C136", "product": {"id": "P04", "name": "Keyboard", "category": "Accessories", "price": 49.9}, "quantity": -2, "discount": 0.05, "date": "01-16-2024", "region": "North"}
2026-09-30 14:36:28,925 | DEBUG   | 20260930_143628892 | REJECTED T823 | invalid quantity (null or <= 0) | {"transaction_id": "T823", "customer_id": "C074", "product": {"id": "P06", "name": "Office Chair", "category": "Furniture", "price": 149.0}, "quantity": -1, "discount": null, "date": "2024/01/20 23:03:34", "region": "South"}
2026-09-30 14:36:28,925 | DEBUG   | 20260930_143628892 | REJECTED T816 | invalid region | {"transaction_id": "T816", "customer_id": "C035", "product": {"id": "P10", "name": "Bookshelf", "category": "Furniture", "price": 119.5}, "quantity": 5, "discount": 0.2, "date": "02-21-2024", "region": null}
2026-09-30 14:36:28,926 | DEBUG   | 20260930_143628892 | REJECTED T801 | invalid quantity (null or <= 0) | {"transaction_id": "T801", "customer_id": "C134", "product": {"id": "P07", "name": "Webcam", "category": "Accessories", "price": 79.0}, "quantity": -3, "discount": 0, "date": "2024-02-06T20:27:34Z", "region": "East"}
2026-09-30 14:36:28,926 | DEBUG   | 20260930_143628892 | REJECTED T833 | invalid price (null or <= 0) | {"transaction_id": "T833", "customer_id": "C060", "product": {"id": "P01", "name": "Laptop", "category": "Electronics", "price": -999.99}, "quantity": 1, "discount": 0.05, "date": "2024/01/08 11:53:37", "region": "North"}
2026-09-30 14:36:28,926 | DEBUG   | 20260930_143628892 | REJECTED T829 | invalid region | {"transaction_id": "T829", "customer_id": "C070", "product": {"id": "P01", "name": "Laptop", "category": "Electronics", "price": 999.99}, "quantity": 7, "discount": null, "date": "2024-01-01T10:35:33Z", "region": "Central"}
2026-09-30 14:36:28,927 | INFO    | 20260930_143628892 | REJECT   details written to C:\Users\janah\OneDrive\Desktop\JUVERIA PROJECT\DE-Project\logs\rejected_20260930_143628892.csv
2026-09-30 14:36:28,928 | INFO    | 20260930_143628892 | LOAD     current watermark = 2024-02-28 03:45:19
2026-09-30 14:36:28,932 | INFO    | 20260930_143628892 | LOAD     new=0  changed=0  unchanged(skipped)=165
2026-09-30 14:36:28,936 | INFO    | 20260930_143628892 | LOAD     watermark advanced to 2024-02-28 03:45:19
2026-09-30 14:36:28,939 | INFO    | 20260930_143628892 | DONE     extracted=173 rejected=8 inserted=0 updated=0 skipped=165
